#
# There is insufficient memory for the Java Runtime Environment to continue.
# Native memory allocation (malloc) failed to allocate 1048576 bytes. Error detail: AllocateHeap
# Possible reasons:
#   The system is out of physical RAM or swap space
#   This process is running with CompressedOops enabled, and the Java Heap may be blocking the growth of the native heap
# Possible solutions:
#   Reduce memory load on the system
#   Increase physical memory or swap space
#   Check if swap backing store is full
#   Decrease Java heap size (-Xmx/-Xms)
#   Decrease number of Java threads
#   Decrease Java thread stack sizes (-Xss)
#   Set larger code cache with -XX:ReservedCodeCacheSize=
#   JVM is running with Unscaled Compressed Oops mode in which the Java heap is
#     placed in the first 4GB address space. The Java Heap base address is the
#     maximum limit for the native heap growth. Please use -XX:HeapBaseMinAddress
#     to set the Java Heap base and to place the Java Heap above 4GB virtual address.
# This output file may be truncated or incomplete.
#
#  Out of Memory Error (allocation.cpp:44), pid=12204, tid=18540
#
# JRE version: OpenJDK Runtime Environment Temurin-21.0.10+7 (21.0.10+7) (build 21.0.10+7-LTS)
# Java VM: OpenJDK 64-Bit Server VM Temurin-21.0.10+7 (21.0.10+7-LTS, mixed mode, sharing, tiered, compressed oops, compressed class ptrs, parallel gc, windows-amd64)
# No core dump will be written. Minidumps are not enabled by default on client versions of Windows
#

---------------  S U M M A R Y ------------

Command Line: --add-modules=ALL-SYSTEM --add-opens=java.base/java.util=ALL-UNNAMED --add-opens=java.base/java.lang=ALL-UNNAMED --add-opens=java.base/sun.nio.fs=ALL-UNNAMED -Declipse.application=org.eclipse.jdt.ls.core.id1 -Dosgi.bundles.defaultStartLevel=4 -Declipse.product=org.eclipse.jdt.ls.core.product -Djava.import.generatesMetadataFilesAtProjectRoot=false -DDetectVMInstallationsJob.disabled=true -Dfile.encoding=utf8 -XX:+UseParallelGC -XX:GCTimeRatio=4 -XX:AdaptiveSizePolicyWeight=90 -Dsun.zip.disableMemoryMapping=true -Xmx2G -Xms100m -Xlog:disable -javaagent:c:\Users\mange\.antigravity\extensions\redhat.java-1.54.0-win32-x64\lombok\lombok-1.18.39-4050.jar -XX:+HeapDumpOnOutOfMemoryError -XX:HeapDumpPath=c:\Users\mange\AppData\Roaming\Antigravity\User\workspaceStorage\3ab230d77b211e43466a9bd2077229ae\redhat.java -Daether.dependencyCollector.impl=bf c:\Users\mange\.antigravity\extensions\redhat.java-1.54.0-win32-x64\server\plugins\org.eclipse.equinox.launcher_1.7.100.v20251111-0406.jar -configuration c:\Users\mange\AppData\Roaming\Antigravity\User\globalStorage\redhat.java\1.54.0\config_win -data c:\Users\mange\AppData\Roaming\Antigravity\User\workspaceStorage\3ab230d77b211e43466a9bd2077229ae\redhat.java\jdt_ws --pipe=\\.\pipe\lsp-76673391d36f5f73a800af0ab229ca70-sock

Host: 11th Gen Intel(R) Core(TM) i7-1165G7 @ 2.80GHz, 8 cores, 15G,  Windows 10 , 64 bit Build 19041 (10.0.19041.5915)
Time: Tue May 26 02:59:58 2026 India Standard Time elapsed time: 197.512349 seconds (0d 0h 3m 17s)

---------------  T H R E A D  ---------------

Current thread (0x00000166ddd5ad90):  JavaThread "Attach Listener" daemon [_thread_in_vm, id=18540, stack(0x00000026ee400000,0x00000026ee500000) (1024K)]

Stack: [0x00000026ee400000,0x00000026ee500000]
Native frames: (J=compiled Java code, j=interpreted, Vv=VM code, C=native code)
V  [jvm.dll+0x6d7a39]
V  [jvm.dll+0x8b4b26]
V  [jvm.dll+0x8b70de]
V  [jvm.dll+0x8b77c3]
V  [jvm.dll+0x284346]
V  [jvm.dll+0xc1277]
V  [jvm.dll+0x6d82e9]
V  [jvm.dll+0x1334a6]
V  [jvm.dll+0x3f857e]
V  [jvm.dll+0x85f59d]
V  [jvm.dll+0x6d626d]
C  [ucrtbase.dll+0x21bb2]
C  [KERNEL32.DLL+0x17374]
C  [ntdll.dll+0x4cc91]


---------------  P R O C E S S  ---------------

Threads class SMR info:
_java_thread_list=0x00000166febd73b0, length=37, elements={
0x00000166ddde36c0, 0x00000166ddd54700, 0x00000166ddd555b0, 0x00000166ddd58220,
0x00000166ddd5ad90, 0x00000166ddd5b7f0, 0x00000166ddd5c250, 0x00000166ddd5d090,
0x00000166ddd9e470, 0x00000166f6298840, 0x00000166f635c350, 0x00000166fb0d1650,
0x00000166f6ab41c0, 0x00000166f6b29900, 0x00000166f6b57f50, 0x00000166fb5ac770,
0x00000166fb60a220, 0x00000166fb1c1fe0, 0x00000166f66e61c0, 0x00000166f66e6850,
0x00000166fd385120, 0x00000166fd3857b0, 0x00000166fd3864d0, 0x00000166fd385e40,
0x00000166fd386b60, 0x00000166fd384a90, 0x00000166fd387f10, 0x00000166fdb914a0,
0x00000166fdb94920, 0x00000166fdb93570, 0x00000166fdb95cd0, 0x00000166fdb94fb0,
0x00000166fdb92ee0, 0x00000166fdb95640, 0x00000166fdb94290, 0x00000166fdb91b30,
0x00000166fdb97710
}

Java Threads: ( => current thread )
  0x00000166ddde36c0 JavaThread "main"                              [_thread_blocked, id=24968, stack(0x00000026edd00000,0x00000026ede00000) (1024K)]
  0x00000166ddd54700 JavaThread "Reference Handler"          daemon [_thread_blocked, id=3332, stack(0x00000026ee100000,0x00000026ee200000) (1024K)]
  0x00000166ddd555b0 JavaThread "Finalizer"                  daemon [_thread_blocked, id=26748, stack(0x00000026ee200000,0x00000026ee300000) (1024K)]
  0x00000166ddd58220 JavaThread "Signal Dispatcher"          daemon [_thread_blocked, id=20688, stack(0x00000026ee300000,0x00000026ee400000) (1024K)]
=>0x00000166ddd5ad90 JavaThread "Attach Listener"            daemon [_thread_in_vm, id=18540, stack(0x00000026ee400000,0x00000026ee500000) (1024K)]
  0x00000166ddd5b7f0 JavaThread "Service Thread"             daemon [_thread_blocked, id=6484, stack(0x00000026ee500000,0x00000026ee600000) (1024K)]
  0x00000166ddd5c250 JavaThread "Monitor Deflation Thread"   daemon [_thread_blocked, id=18212, stack(0x00000026ee600000,0x00000026ee700000) (1024K)]
  0x00000166ddd5d090 JavaThread "C2 CompilerThread0"         daemon [_thread_blocked, id=24468, stack(0x00000026ee700000,0x00000026ee800000) (1024K)]
  0x00000166ddd9e470 JavaThread "C1 CompilerThread0"         daemon [_thread_blocked, id=4160, stack(0x00000026ee800000,0x00000026ee900000) (1024K)]
  0x00000166f6298840 JavaThread "Common-Cleaner"             daemon [_thread_blocked, id=13860, stack(0x00000026eea00000,0x00000026eeb00000) (1024K)]
  0x00000166f635c350 JavaThread "Notification Thread"        daemon [_thread_blocked, id=5912, stack(0x00000026eeb00000,0x00000026eec00000) (1024K)]
  0x00000166fb0d1650 JavaThread "Active Thread: Equinox Container: 34362a70-f8f0-4868-bb2e-0c7339ca543e"        [_thread_blocked, id=25292, stack(0x00000026ef300000,0x00000026ef400000) (1024K)]
  0x00000166f6ab41c0 JavaThread "Refresh Thread: Equinox Container: 34362a70-f8f0-4868-bb2e-0c7339ca543e" daemon [_thread_blocked, id=3188, stack(0x00000026ef500000,0x00000026ef600000) (1024K)]
  0x00000166f6b29900 JavaThread "Framework Event Dispatcher: Equinox Container: 34362a70-f8f0-4868-bb2e-0c7339ca543e" daemon [_thread_blocked, id=22880, stack(0x00000026ef600000,0x00000026ef700000) (1024K)]
  0x00000166f6b57f50 JavaThread "Start Level: Equinox Container: 34362a70-f8f0-4868-bb2e-0c7339ca543e" daemon [_thread_blocked, id=18112, stack(0x00000026ef700000,0x00000026ef800000) (1024K)]
  0x00000166fb5ac770 JavaThread "Bundle File Closer"         daemon [_thread_blocked, id=21824, stack(0x00000026eec00000,0x00000026eed00000) (1024K)]
  0x00000166fb60a220 JavaThread "SCR Component Actor"        daemon [_thread_blocked, id=24080, stack(0x00000026ee900000,0x00000026eea00000) (1024K)]
  0x00000166fb1c1fe0 JavaThread "Worker-JM"                         [_thread_blocked, id=23004, stack(0x00000026efa00000,0x00000026efb00000) (1024K)]
  0x00000166f66e61c0 JavaThread "JNA Cleaner"                daemon [_thread_blocked, id=25988, stack(0x00000026efb00000,0x00000026efc00000) (1024K)]
  0x00000166f66e6850 JavaThread "Worker-0"                          [_thread_blocked, id=11904, stack(0x00000026efc00000,0x00000026efd00000) (1024K)]
  0x00000166fd385120 JavaThread "Java indexing"              daemon [_thread_blocked, id=22536, stack(0x00000026eff00000,0x00000026f0000000) (1024K)]
  0x00000166fd3857b0 JavaThread "Worker-4"                          [_thread_blocked, id=15364, stack(0x00000026f0300000,0x00000026f0400000) (1024K)]
  0x00000166fd3864d0 JavaThread "Thread-1"                   daemon [_thread_in_native, id=16376, stack(0x00000026f0500000,0x00000026f0600000) (1024K)]
  0x00000166fd385e40 JavaThread "Thread-2"                   daemon [_thread_in_native, id=11084, stack(0x00000026f0600000,0x00000026f0700000) (1024K)]
  0x00000166fd386b60 JavaThread "Thread-3"                   daemon [_thread_in_native, id=15672, stack(0x00000026f0700000,0x00000026f0800000) (1024K)]
  0x00000166fd384a90 JavaThread "Thread-4"                   daemon [_thread_in_native, id=24300, stack(0x00000026f0800000,0x00000026f0900000) (1024K)]
  0x00000166fd387f10 JavaThread "Thread-5"                   daemon [_thread_in_native, id=14080, stack(0x00000026f0900000,0x00000026f0a00000) (1024K)]
  0x00000166fdb914a0 JavaThread "Thread-6"                   daemon [_thread_in_native, id=24200, stack(0x00000026f0a00000,0x00000026f0b00000) (1024K)]
  0x00000166fdb94920 JavaThread "Thread-7"                   daemon [_thread_in_native, id=28160, stack(0x00000026f0b00000,0x00000026f0c00000) (1024K)]
  0x00000166fdb93570 JavaThread "Thread-8"                   daemon [_thread_in_native, id=18608, stack(0x00000026f0c00000,0x00000026f0d00000) (1024K)]
  0x00000166fdb95cd0 JavaThread "Thread-9"                   daemon [_thread_in_native, id=15028, stack(0x00000026f0d00000,0x00000026f0e00000) (1024K)]
  0x00000166fdb94fb0 JavaThread "pool-2-thread-1"                   [_thread_blocked, id=20604, stack(0x00000026f0e00000,0x00000026f0f00000) (1024K)]
  0x00000166fdb92ee0 JavaThread "WorkspaceEventsHandler"            [_thread_blocked, id=10276, stack(0x00000026f0f00000,0x00000026f1000000) (1024K)]
  0x00000166fdb95640 JavaThread "pool-1-thread-1"                   [_thread_blocked, id=14328, stack(0x00000026f1000000,0x00000026f1100000) (1024K)]
  0x00000166fdb94290 JavaThread "ForkJoinPool.commonPool-worker-1" daemon [_thread_blocked, id=25384, stack(0x00000026f1100000,0x00000026f1200000) (1024K)]
  0x00000166fdb91b30 JavaThread "ForkJoinPool.commonPool-worker-3" daemon [_thread_blocked, id=20760, stack(0x00000026f1300000,0x00000026f1400000) (1024K)]
  0x00000166fdb97710 JavaThread "Timer-0"                           [_thread_blocked, id=24304, stack(0x00000026f1600000,0x00000026f1700000) (1024K)]
Total: 37

Other Threads:
  0x00000166ddd425c0 VMThread "VM Thread"                           [id=9956, stack(0x00000026ee000000,0x00000026ee100000) (1024K)]
  0x00000166dde4c5a0 WatcherThread "VM Periodic Task Thread"        [id=8872, stack(0x00000026edf00000,0x00000026ee000000) (1024K)]
  0x00000166dde00310 WorkerThread "GC Thread#0"                     [id=25724, stack(0x00000026ede00000,0x00000026edf00000) (1024K)]
  0x00000166f684f470 WorkerThread "GC Thread#1"                     [id=21732, stack(0x00000026eed00000,0x00000026eee00000) (1024K)]
  0x00000166f684c650 WorkerThread "GC Thread#2"                     [id=3736, stack(0x00000026eee00000,0x00000026eef00000) (1024K)]
  0x00000166f684ca00 WorkerThread "GC Thread#3"                     [id=7756, stack(0x00000026eef00000,0x00000026ef000000) (1024K)]
  0x00000166f684cdb0 WorkerThread "GC Thread#4"                     [id=25264, stack(0x00000026ef000000,0x00000026ef100000) (1024K)]
  0x00000166f69b96b0 WorkerThread "GC Thread#5"                     [id=19400, stack(0x00000026ef100000,0x00000026ef200000) (1024K)]
  0x00000166f69ba270 WorkerThread "GC Thread#6"                     [id=8752, stack(0x00000026ef200000,0x00000026ef300000) (1024K)]
  0x00000166f6b68bc0 WorkerThread "GC Thread#7"                     [id=23740, stack(0x00000026ef400000,0x00000026ef500000) (1024K)]
Total: 10

Threads with active compile tasks:
Total: 0

VM state: not at safepoint (normal execution)

VM Mutex/Monitor currently owned by a thread: None

Heap address: 0x0000000080000000, size: 2048 MB, Compressed Oops mode: 32-bit

CDS archive(s) mapped at: [0x0000016680000000-0x0000016680ba0000-0x0000016680ba0000), size 12189696, SharedBaseAddress: 0x0000016680000000, ArchiveRelocationMode: 1.
Compressed class space mapped at: 0x0000016681000000-0x00000166c1000000, reserved size: 1073741824
Narrow klass base: 0x0000016680000000, Narrow klass shift: 0, Narrow klass range: 0x100000000

GC Precious Log:
 CardTable entry size: 512
 CPUs: 8 total, 8 available
 Memory: 16103M
 Large Page Support: Disabled
 NUMA Support: Disabled
 Compressed Oops: Enabled (32-bit)
 Alignments: Space 512K, Generation 512K, Heap 2M
 Heap Min Capacity: 100M
 Heap Initial Capacity: 100M
 Heap Max Capacity: 2G
 Pre-touch: Disabled
 Parallel Workers: 8

Heap:
 PSYoungGen      total 22016K, used 11505K [0x00000000d5580000, 0x00000000d6c80000, 0x0000000100000000)
  eden space 20992K, 50% used [0x00000000d5580000,0x00000000d5fee218,0x00000000d6a00000)
  from space 1024K, 80% used [0x00000000d6b80000,0x00000000d6c4e490,0x00000000d6c80000)
  to   space 1024K, 0% used [0x00000000d6a80000,0x00000000d6a80000,0x00000000d6b80000)
 ParOldGen       total 68608K, used 55251K [0x0000000080000000, 0x0000000084300000, 0x00000000d5580000)
  object space 68608K, 80% used [0x0000000080000000,0x00000000835f4e90,0x0000000084300000)
 Metaspace       used 64319K, committed 65856K, reserved 1114112K
  class space    used 7586K, committed 8256K, reserved 1048576K

Card table byte_map: [0x00000166dd790000,0x00000166ddba0000] _byte_map_base: 0x00000166dd390000

Marking Bits: (ParMarkBitMap*) 0x00007ffde76d3450
 Begin Bits: [0x00000166f02a0000, 0x00000166f22a0000)
 End Bits:   [0x00000166f22a0000, 0x00000166f42a0000)

Polling page: 0x00000166dbc60000

Metaspace:

Usage:
  Non-class:     55.40 MB used.
      Class:      7.41 MB used.
       Both:     62.81 MB used.

Virtual space:
  Non-class space:       64.00 MB reserved,      56.25 MB ( 88%) committed,  1 nodes.
      Class space:        1.00 GB reserved,       8.06 MB ( <1%) committed,  1 nodes.
             Both:        1.06 GB reserved,      64.31 MB (  6%) committed. 

Chunk freelists:
   Non-Class:  7.42 MB
       Class:  7.83 MB
        Both:  15.25 MB

MaxMetaspaceSize: unlimited
CompressedClassSpaceSize: 1.00 GB
Initial GC threshold: 21.00 MB
Current GC threshold: 97.31 MB
CDS: on
 - commit_granule_bytes: 65536.
 - commit_granule_words: 8192.
 - virtual_space_node_default_size: 8388608.
 - enlarge_chunks_in_place: 1.
 - use_allocation_guard: 0.


Internal statistics:

num_allocs_failed_limit: 11.
num_arena_births: 1296.
num_arena_deaths: 38.
num_vsnodes_births: 2.
num_vsnodes_deaths: 0.
num_space_committed: 1029.
num_space_uncommitted: 0.
num_chunks_returned_to_freelist: 57.
num_chunks_taken_from_freelist: 4135.
num_chunk_merges: 17.
num_chunk_splits: 2649.
num_chunks_enlarged: 1659.
num_inconsistent_stats: 0.

CodeHeap 'non-profiled nmethods': size=120000Kb used=6113Kb max_used=6113Kb free=113886Kb
 bounds [0x00000166e8ac0000, 0x00000166e90c0000, 0x00000166efff0000]
CodeHeap 'profiled nmethods': size=120000Kb used=16839Kb max_used=16839Kb free=103160Kb
 bounds [0x00000166e0ff0000, 0x00000166e2070000, 0x00000166e8520000]
CodeHeap 'non-nmethods': size=5760Kb used=1423Kb max_used=1487Kb free=4336Kb
 bounds [0x00000166e8520000, 0x00000166e8790000, 0x00000166e8ac0000]
CodeCache: size=245760Kb, used=24375Kb, max_used=24439Kb, free=221382Kb
 total_blobs=8916, nmethods=8196, adapters=626, full_count=0
Compilation: enabled, stopped_count=0, restarted_count=0

Compilation events (20 events):
Event: 32.380 Thread 0x00000166ddd5d090 8946       4       java.util.LinkedHashMap::afterNodeInsertion (40 bytes)
Event: 32.380 Thread 0x00000166ddd5d090 nmethod 8946 0x00000166e90b8290 code [0x00000166e90b8420, 0x00000166e90b84f0]
Event: 32.389 Thread 0x00000166ddd9e470 8947       3       java.util.LinkedHashMap::keySet (5 bytes)
Event: 32.389 Thread 0x00000166ddd9e470 nmethod 8947 0x00000166e205c390 code [0x00000166e205c540, 0x00000166e205c700]
Event: 35.381 Thread 0x00000166ddd9e470 8948       3       java.util.concurrent.atomic.AtomicReference::getAndSet (9 bytes)
Event: 35.382 Thread 0x00000166ddd9e470 nmethod 8948 0x00000166e205c790 code [0x00000166e205ca20, 0x00000166e205d608]
Event: 43.381 Thread 0x00000166ddd9e470 8949       3       java.util.TaskQueue::isEmpty (13 bytes)
Event: 43.381 Thread 0x00000166ddd9e470 nmethod 8949 0x00000166e205d990 code [0x00000166e205db20, 0x00000166e205dc80]
Event: 75.401 Thread 0x00000166ddd9e470 8950       3       java.util.TaskQueue::getMin (7 bytes)
Event: 75.452 Thread 0x00000166ddd9e470 nmethod 8950 0x00000166e205dd10 code [0x00000166e205dec0, 0x00000166e205dff8]
Event: 109.131 Thread 0x00000166ddd9e470 8951       3       java.util.concurrent.Executors$RunnableAdapter::call (14 bytes)
Event: 109.187 Thread 0x00000166ddd9e470 nmethod 8951 0x00000166e205e110 code [0x00000166e205e2c0, 0x00000166e205e4a8]
Event: 139.393 Thread 0x00000166ddd9e470 8952       3       java.util.TaskQueue::rescheduleMin (16 bytes)
Event: 139.425 Thread 0x00000166ddd9e470 nmethod 8952 0x00000166e205e590 code [0x00000166e205e740, 0x00000166e205e8b8]
Event: 139.426 Thread 0x00000166ddd9e470 8953       3       java.util.TaskQueue::fixDown (108 bytes)
Event: 139.430 Thread 0x00000166ddd9e470 nmethod 8953 0x00000166e205ea10 code [0x00000166e205ec00, 0x00000166e205f1e0]
Event: 139.431 Thread 0x00000166ddd9e470 8954       3       org.eclipse.buildship.core.internal.util.progress.RateLimitingProgressMonitor$1::run (55 bytes)
Event: 139.561 Thread 0x00000166ddd9e470 nmethod 8954 0x00000166e205f490 code [0x00000166e205f860, 0x00000166e2061420]
Event: 159.275 Thread 0x00000166ddd9e470 8955       3       java.util.concurrent.locks.AbstractQueuedSynchronizer$ConditionObject::canReacquire (38 bytes)
Event: 159.315 Thread 0x00000166ddd9e470 nmethod 8955 0x00000166e2061c10 code [0x00000166e2061de0, 0x00000166e2062128]

GC Heap History (20 events):
Event: 14.604 GC heap before
{Heap before GC invocations=34 (full 2):
 PSYoungGen      total 26112K, used 24384K [0x00000000d5580000, 0x00000000d7200000, 0x0000000100000000)
  eden space 22016K, 100% used [0x00000000d5580000,0x00000000d6b00000,0x00000000d6b00000)
  from space 4096K, 57% used [0x00000000d6b00000,0x00000000d6d50010,0x00000000d6f00000)
  to   space 3072K, 0% used [0x00000000d6f00000,0x00000000d6f00000,0x00000000d7200000)
 ParOldGen       total 68608K, used 47525K [0x0000000080000000, 0x0000000084300000, 0x00000000d5580000)
  object space 68608K, 69% used [0x0000000080000000,0x0000000082e695d8,0x0000000084300000)
 Metaspace       used 57305K, committed 58560K, reserved 1114112K
  class space    used 6748K, committed 7296K, reserved 1048576K
}
Event: 14.607 GC heap after
{Heap after GC invocations=34 (full 2):
 PSYoungGen      total 24064K, used 1988K [0x00000000d5580000, 0x00000000d7100000, 0x0000000100000000)
  eden space 22016K, 0% used [0x00000000d5580000,0x00000000d5580000,0x00000000d6b00000)
  from space 2048K, 97% used [0x00000000d6f00000,0x00000000d70f1000,0x00000000d7100000)
  to   space 2560K, 0% used [0x00000000d6c00000,0x00000000d6c00000,0x00000000d6e80000)
 ParOldGen       total 68608K, used 49731K [0x0000000080000000, 0x0000000084300000, 0x00000000d5580000)
  object space 68608K, 72% used [0x0000000080000000,0x0000000083090f98,0x0000000084300000)
 Metaspace       used 57305K, committed 58560K, reserved 1114112K
  class space    used 6748K, committed 7296K, reserved 1048576K
}
Event: 14.661 GC heap before
{Heap before GC invocations=35 (full 2):
 PSYoungGen      total 24064K, used 24004K [0x00000000d5580000, 0x00000000d7100000, 0x0000000100000000)
  eden space 22016K, 100% used [0x00000000d5580000,0x00000000d6b00000,0x00000000d6b00000)
  from space 2048K, 97% used [0x00000000d6f00000,0x00000000d70f1000,0x00000000d7100000)
  to   space 2560K, 0% used [0x00000000d6c00000,0x00000000d6c00000,0x00000000d6e80000)
 ParOldGen       total 68608K, used 49731K [0x0000000080000000, 0x0000000084300000, 0x00000000d5580000)
  object space 68608K, 72% used [0x0000000080000000,0x0000000083090f98,0x0000000084300000)
 Metaspace       used 57333K, committed 58560K, reserved 1114112K
  class space    used 6748K, committed 7296K, reserved 1048576K
}
Event: 14.665 GC heap after
{Heap after GC invocations=35 (full 2):
 PSYoungGen      total 24576K, used 2208K [0x00000000d5580000, 0x00000000d7000000, 0x0000000100000000)
  eden space 22016K, 0% used [0x00000000d5580000,0x00000000d5580000,0x00000000d6b00000)
  from space 2560K, 86% used [0x00000000d6c00000,0x00000000d6e28010,0x00000000d6e80000)
  to   space 1536K, 0% used [0x00000000d6e80000,0x00000000d6e80000,0x00000000d7000000)
 ParOldGen       total 68608K, used 51649K [0x0000000080000000, 0x0000000084300000, 0x00000000d5580000)
  object space 68608K, 75% used [0x0000000080000000,0x00000000832705c0,0x0000000084300000)
 Metaspace       used 57333K, committed 58560K, reserved 1114112K
  class space    used 6748K, committed 7296K, reserved 1048576K
}
Event: 14.754 GC heap before
{Heap before GC invocations=36 (full 2):
 PSYoungGen      total 24576K, used 24224K [0x00000000d5580000, 0x00000000d7000000, 0x0000000100000000)
  eden space 22016K, 100% used [0x00000000d5580000,0x00000000d6b00000,0x00000000d6b00000)
  from space 2560K, 86% used [0x00000000d6c00000,0x00000000d6e28010,0x00000000d6e80000)
  to   space 1536K, 0% used [0x00000000d6e80000,0x00000000d6e80000,0x00000000d7000000)
 ParOldGen       total 68608K, used 51649K [0x0000000080000000, 0x0000000084300000, 0x00000000d5580000)
  object space 68608K, 75% used [0x0000000080000000,0x00000000832705c0,0x0000000084300000)
 Metaspace       used 57414K, committed 58752K, reserved 1114112K
  class space    used 6750K, committed 7296K, reserved 1048576K
}
Event: 14.758 GC heap after
{Heap after GC invocations=36 (full 2):
 PSYoungGen      total 22528K, used 1536K [0x00000000d5580000, 0x00000000d7400000, 0x0000000100000000)
  eden space 20992K, 0% used [0x00000000d5580000,0x00000000d5580000,0x00000000d6a00000)
  from space 1536K, 100% used [0x00000000d6e80000,0x00000000d7000000,0x00000000d7000000)
  to   space 4608K, 0% used [0x00000000d6a00000,0x00000000d6a00000,0x00000000d6e80000)
 ParOldGen       total 68608K, used 54081K [0x0000000080000000, 0x0000000084300000, 0x00000000d5580000)
  object space 68608K, 78% used [0x0000000080000000,0x00000000834d05d0,0x0000000084300000)
 Metaspace       used 57414K, committed 58752K, reserved 1114112K
  class space    used 6750K, committed 7296K, reserved 1048576K
}
Event: 14.924 GC heap before
{Heap before GC invocations=37 (full 2):
 PSYoungGen      total 22528K, used 22528K [0x00000000d5580000, 0x00000000d7400000, 0x0000000100000000)
  eden space 20992K, 100% used [0x00000000d5580000,0x00000000d6a00000,0x00000000d6a00000)
  from space 1536K, 100% used [0x00000000d6e80000,0x00000000d7000000,0x00000000d7000000)
  to   space 4608K, 0% used [0x00000000d6a00000,0x00000000d6a00000,0x00000000d6e80000)
 ParOldGen       total 68608K, used 54081K [0x0000000080000000, 0x0000000084300000, 0x00000000d5580000)
  object space 68608K, 78% used [0x0000000080000000,0x00000000834d05d0,0x0000000084300000)
 Metaspace       used 57825K, committed 59136K, reserved 1114112K
  class space    used 6788K, committed 7360K, reserved 1048576K
}
Event: 14.928 GC heap after
{Heap after GC invocations=37 (full 2):
 PSYoungGen      total 22528K, used 1307K [0x00000000d5580000, 0x00000000d6f00000, 0x0000000100000000)
  eden space 20992K, 0% used [0x00000000d5580000,0x00000000d5580000,0x00000000d6a00000)
  from space 1536K, 85% used [0x00000000d6a00000,0x00000000d6b46eb8,0x00000000d6b80000)
  to   space 2560K, 0% used [0x00000000d6c80000,0x00000000d6c80000,0x00000000d6f00000)
 ParOldGen       total 68608K, used 55641K [0x0000000080000000, 0x0000000084300000, 0x00000000d5580000)
  object space 68608K, 81% used [0x0000000080000000,0x00000000836567d0,0x0000000084300000)
 Metaspace       used 57825K, committed 59136K, reserved 1114112K
  class space    used 6788K, committed 7360K, reserved 1048576K
}
Event: 15.071 GC heap before
{Heap before GC invocations=38 (full 2):
 PSYoungGen      total 22528K, used 22299K [0x00000000d5580000, 0x00000000d6f00000, 0x0000000100000000)
  eden space 20992K, 100% used [0x00000000d5580000,0x00000000d6a00000,0x00000000d6a00000)
  from space 1536K, 85% used [0x00000000d6a00000,0x00000000d6b46eb8,0x00000000d6b80000)
  to   space 2560K, 0% used [0x00000000d6c80000,0x00000000d6c80000,0x00000000d6f00000)
 ParOldGen       total 68608K, used 55641K [0x0000000080000000, 0x0000000084300000, 0x00000000d5580000)
  object space 68608K, 81% used [0x0000000080000000,0x00000000836567d0,0x0000000084300000)
 Metaspace       used 58228K, committed 59584K, reserved 1114112K
  class space    used 6837K, committed 7360K, reserved 1048576K
}
Event: 15.073 GC heap after
{Heap after GC invocations=38 (full 2):
 PSYoungGen      total 22016K, used 995K [0x00000000d5580000, 0x00000000d6d80000, 0x0000000100000000)
  eden space 20992K, 0% used [0x00000000d5580000,0x00000000d5580000,0x00000000d6a00000)
  from space 1024K, 97% used [0x00000000d6c80000,0x00000000d6d78e98,0x00000000d6d80000)
  to   space 1536K, 0% used [0x00000000d6a80000,0x00000000d6a80000,0x00000000d6c00000)
 ParOldGen       total 68608K, used 56662K [0x0000000080000000, 0x0000000084300000, 0x00000000d5580000)
  object space 68608K, 82% used [0x0000000080000000,0x0000000083755b68,0x0000000084300000)
 Metaspace       used 58228K, committed 59584K, reserved 1114112K
  class space    used 6837K, committed 7360K, reserved 1048576K
}
Event: 15.155 GC heap before
{Heap before GC invocations=39 (full 2):
 PSYoungGen      total 22016K, used 5815K [0x00000000d5580000, 0x00000000d6d80000, 0x0000000100000000)
  eden space 20992K, 22% used [0x00000000d5580000,0x00000000d5a350a0,0x00000000d6a00000)
  from space 1024K, 97% used [0x00000000d6c80000,0x00000000d6d78e98,0x00000000d6d80000)
  to   space 1536K, 0% used [0x00000000d6a80000,0x00000000d6a80000,0x00000000d6c00000)
 ParOldGen       total 68608K, used 56662K [0x0000000080000000, 0x0000000084300000, 0x00000000d5580000)
  object space 68608K, 82% used [0x0000000080000000,0x0000000083755b68,0x0000000084300000)
 Metaspace       used 58428K, committed 59776K, reserved 1114112K
  class space    used 6861K, committed 7424K, reserved 1048576K
}
Event: 15.156 GC heap after
{Heap after GC invocations=39 (full 2):
 PSYoungGen      total 22528K, used 288K [0x00000000d5580000, 0x00000000d6d00000, 0x0000000100000000)
  eden space 20992K, 0% used [0x00000000d5580000,0x00000000d5580000,0x00000000d6a00000)
  from space 1536K, 18% used [0x00000000d6a80000,0x00000000d6ac8000,0x00000000d6c00000)
  to   space 1024K, 0% used [0x00000000d6c00000,0x00000000d6c00000,0x00000000d6d00000)
 ParOldGen       total 68608K, used 57365K [0x0000000080000000, 0x0000000084300000, 0x00000000d5580000)
  object space 68608K, 83% used [0x0000000080000000,0x00000000838055a8,0x0000000084300000)
 Metaspace       used 58428K, committed 59776K, reserved 1114112K
  class space    used 6861K, committed 7424K, reserved 1048576K
}
Event: 15.156 GC heap before
{Heap before GC invocations=40 (full 3):
 PSYoungGen      total 22528K, used 288K [0x00000000d5580000, 0x00000000d6d00000, 0x0000000100000000)
  eden space 20992K, 0% used [0x00000000d5580000,0x00000000d5580000,0x00000000d6a00000)
  from space 1536K, 18% used [0x00000000d6a80000,0x00000000d6ac8000,0x00000000d6c00000)
  to   space 1024K, 0% used [0x00000000d6c00000,0x00000000d6c00000,0x00000000d6d00000)
 ParOldGen       total 68608K, used 57365K [0x0000000080000000, 0x0000000084300000, 0x00000000d5580000)
  object space 68608K, 83% used [0x0000000080000000,0x00000000838055a8,0x0000000084300000)
 Metaspace       used 58428K, committed 59776K, reserved 1114112K
  class space    used 6861K, committed 7424K, reserved 1048576K
}
Event: 15.254 GC heap after
{Heap after GC invocations=40 (full 3):
 PSYoungGen      total 22528K, used 0K [0x00000000d5580000, 0x00000000d6d00000, 0x0000000100000000)
  eden space 20992K, 0% used [0x00000000d5580000,0x00000000d5580000,0x00000000d6a00000)
  from space 1536K, 0% used [0x00000000d6a80000,0x00000000d6a80000,0x00000000d6c00000)
  to   space 1024K, 0% used [0x00000000d6c00000,0x00000000d6c00000,0x00000000d6d00000)
 ParOldGen       total 68608K, used 53523K [0x0000000080000000, 0x0000000084300000, 0x00000000d5580000)
  object space 68608K, 78% used [0x0000000080000000,0x0000000083444e80,0x0000000084300000)
 Metaspace       used 58416K, committed 59776K, reserved 1114112K
  class space    used 6858K, committed 7424K, reserved 1048576K
}
Event: 16.860 GC heap before
{Heap before GC invocations=41 (full 3):
 PSYoungGen      total 22528K, used 20992K [0x00000000d5580000, 0x00000000d6d00000, 0x0000000100000000)
  eden space 20992K, 100% used [0x00000000d5580000,0x00000000d6a00000,0x00000000d6a00000)
  from space 1536K, 0% used [0x00000000d6a80000,0x00000000d6a80000,0x00000000d6c00000)
  to   space 1024K, 0% used [0x00000000d6c00000,0x00000000d6c00000,0x00000000d6d00000)
 ParOldGen       total 68608K, used 53523K [0x0000000080000000, 0x0000000084300000, 0x00000000d5580000)
  object space 68608K, 78% used [0x0000000080000000,0x0000000083444e80,0x0000000084300000)
 Metaspace       used 60918K, committed 62464K, reserved 1114112K
  class space    used 7255K, committed 7936K, reserved 1048576K
}
Event: 16.862 GC heap after
{Heap after GC invocations=41 (full 3):
 PSYoungGen      total 22016K, used 992K [0x00000000d5580000, 0x00000000d6d00000, 0x0000000100000000)
  eden space 20992K, 0% used [0x00000000d5580000,0x00000000d5580000,0x00000000d6a00000)
  from space 1024K, 96% used [0x00000000d6c00000,0x00000000d6cf8010,0x00000000d6d00000)
  to   space 1536K, 0% used [0x00000000d6a00000,0x00000000d6a00000,0x00000000d6b80000)
 ParOldGen       total 68608K, used 53571K [0x0000000080000000, 0x0000000084300000, 0x00000000d5580000)
  object space 68608K, 78% used [0x0000000080000000,0x0000000083450e80,0x0000000084300000)
 Metaspace       used 60918K, committed 62464K, reserved 1114112K
  class space    used 7255K, committed 7936K, reserved 1048576K
}
Event: 19.614 GC heap before
{Heap before GC invocations=42 (full 3):
 PSYoungGen      total 22016K, used 21984K [0x00000000d5580000, 0x00000000d6d00000, 0x0000000100000000)
  eden space 20992K, 100% used [0x00000000d5580000,0x00000000d6a00000,0x00000000d6a00000)
  from space 1024K, 96% used [0x00000000d6c00000,0x00000000d6cf8010,0x00000000d6d00000)
  to   space 1536K, 0% used [0x00000000d6a00000,0x00000000d6a00000,0x00000000d6b80000)
 ParOldGen       total 68608K, used 53571K [0x0000000080000000, 0x0000000084300000, 0x00000000d5580000)
  object space 68608K, 78% used [0x0000000080000000,0x0000000083450e80,0x0000000084300000)
 Metaspace       used 61774K, committed 63232K, reserved 1114112K
  class space    used 7343K, committed 8000K, reserved 1048576K
}
Event: 19.616 GC heap after
{Heap after GC invocations=42 (full 3):
 PSYoungGen      total 22528K, used 1280K [0x00000000d5580000, 0x00000000d6d00000, 0x0000000100000000)
  eden space 20992K, 0% used [0x00000000d5580000,0x00000000d5580000,0x00000000d6a00000)
  from space 1536K, 83% used [0x00000000d6a00000,0x00000000d6b40000,0x00000000d6b80000)
  to   space 1536K, 0% used [0x00000000d6b80000,0x00000000d6b80000,0x00000000d6d00000)
 ParOldGen       total 68608K, used 54475K [0x0000000080000000, 0x0000000084300000, 0x00000000d5580000)
  object space 68608K, 79% used [0x0000000080000000,0x0000000083532e90,0x0000000084300000)
 Metaspace       used 61774K, committed 63232K, reserved 1114112K
  class space    used 7343K, committed 8000K, reserved 1048576K
}
Event: 20.127 GC heap before
{Heap before GC invocations=43 (full 3):
 PSYoungGen      total 22528K, used 22269K [0x00000000d5580000, 0x00000000d6d00000, 0x0000000100000000)
  eden space 20992K, 99% used [0x00000000d5580000,0x00000000d69ff5f0,0x00000000d6a00000)
  from space 1536K, 83% used [0x00000000d6a00000,0x00000000d6b40000,0x00000000d6b80000)
  to   space 1536K, 0% used [0x00000000d6b80000,0x00000000d6b80000,0x00000000d6d00000)
 ParOldGen       total 68608K, used 54475K [0x0000000080000000, 0x0000000084300000, 0x00000000d5580000)
  object space 68608K, 79% used [0x0000000080000000,0x0000000083532e90,0x0000000084300000)
 Metaspace       used 63322K, committed 64896K, reserved 1114112K
  class space    used 7482K, committed 8192K, reserved 1048576K
}
Event: 20.129 GC heap after
{Heap after GC invocations=43 (full 3):
 PSYoungGen      total 22016K, used 825K [0x00000000d5580000, 0x00000000d6c80000, 0x0000000100000000)
  eden space 20992K, 0% used [0x00000000d5580000,0x00000000d5580000,0x00000000d6a00000)
  from space 1024K, 80% used [0x00000000d6b80000,0x00000000d6c4e490,0x00000000d6c80000)
  to   space 1024K, 0% used [0x00000000d6a80000,0x00000000d6a80000,0x00000000d6b80000)
 ParOldGen       total 68608K, used 55251K [0x0000000080000000, 0x0000000084300000, 0x00000000d5580000)
  object space 68608K, 80% used [0x0000000080000000,0x00000000835f4e90,0x0000000084300000)
 Metaspace       used 63322K, committed 64896K, reserved 1114112K
  class space    used 7482K, committed 8192K, reserved 1048576K
}

Dll operation events (15 events):
Event: 0.011 Loaded shared library c:\Users\mange\.antigravity\extensions\redhat.java-1.54.0-win32-x64\jre\21.0.10-win32-x86_64\bin\java.dll
Event: 0.133 Loaded shared library c:\Users\mange\.antigravity\extensions\redhat.java-1.54.0-win32-x64\jre\21.0.10-win32-x86_64\bin\zip.dll
Event: 0.164 Loaded shared library C:\Users\mange\.antigravity\extensions\redhat.java-1.54.0-win32-x64\jre\21.0.10-win32-x86_64\bin\instrument.dll
Event: 0.188 Loaded shared library C:\Users\mange\.antigravity\extensions\redhat.java-1.54.0-win32-x64\jre\21.0.10-win32-x86_64\bin\net.dll
Event: 0.190 Loaded shared library C:\Users\mange\.antigravity\extensions\redhat.java-1.54.0-win32-x64\jre\21.0.10-win32-x86_64\bin\nio.dll
Event: 0.193 Loaded shared library C:\Users\mange\.antigravity\extensions\redhat.java-1.54.0-win32-x64\jre\21.0.10-win32-x86_64\bin\zip.dll
Event: 0.235 Loaded shared library C:\Users\mange\.antigravity\extensions\redhat.java-1.54.0-win32-x64\jre\21.0.10-win32-x86_64\bin\jimage.dll
Event: 0.432 Loaded shared library c:\Users\mange\.antigravity\extensions\redhat.java-1.54.0-win32-x64\jre\21.0.10-win32-x86_64\bin\verify.dll
Event: 2.361 Loaded shared library C:\Users\mange\AppData\Roaming\Antigravity\User\globalStorage\redhat.java\1.54.0\config_win\org.eclipse.equinox.launcher\org.eclipse.equinox.launcher.win32.win32.x86_64_1.3.0.v20260203-2149\eclipse_11919.dll
Event: 6.091 Loaded shared library C:\Users\mange\AppData\Local\Temp\jna-103662520\jna13947910113299714450.dll
Event: 12.397 Loaded shared library C:\Users\mange\.gradle\native\1def1411415f61bf3af743bc5b6707747c0891f09f0c88961ee8f79bc544acac\windows-amd64\native-platform.dll
Event: 13.522 Loaded shared library C:\Users\mange\.antigravity\extensions\redhat.java-1.54.0-win32-x64\jre\21.0.10-win32-x86_64\bin\management.dll
Event: 13.525 Loaded shared library C:\Users\mange\.antigravity\extensions\redhat.java-1.54.0-win32-x64\jre\21.0.10-win32-x86_64\bin\management_ext.dll
Event: 15.284 Loaded shared library C:\Users\mange\.antigravity\extensions\redhat.java-1.54.0-win32-x64\jre\21.0.10-win32-x86_64\bin\extnet.dll
Event: 15.687 Loaded shared library C:\Users\mange\.antigravity\extensions\redhat.java-1.54.0-win32-x64\jre\21.0.10-win32-x86_64\bin\sunmscapi.dll

Deoptimization events (20 events):
Event: 32.092 Thread 0x00000166fb0d1650 DEOPT PACKING pc=0x00000166e1b802d0 sp=0x00000026ef3fea80
Event: 32.092 Thread 0x00000166fb0d1650 DEOPT UNPACKING pc=0x00000166e85778e2 sp=0x00000026ef3fdfd8 mode 0
Event: 32.093 Thread 0x00000166fb0d1650 DEOPT PACKING pc=0x00000166e1b802d0 sp=0x00000026ef3fea80
Event: 32.093 Thread 0x00000166fb0d1650 DEOPT UNPACKING pc=0x00000166e85778e2 sp=0x00000026ef3fdfd8 mode 0
Event: 32.094 Thread 0x00000166fb0d1650 DEOPT PACKING pc=0x00000166e1b802d0 sp=0x00000026ef3fea80
Event: 32.094 Thread 0x00000166fb0d1650 DEOPT UNPACKING pc=0x00000166e85778e2 sp=0x00000026ef3fdfd8 mode 0
Event: 32.094 Thread 0x00000166fb0d1650 DEOPT PACKING pc=0x00000166e1b802d0 sp=0x00000026ef3fea80
Event: 32.094 Thread 0x00000166fb0d1650 DEOPT UNPACKING pc=0x00000166e85778e2 sp=0x00000026ef3fdfd8 mode 0
Event: 32.157 Thread 0x00000166fb0d1650 Uncommon trap: trap_request=0xffffff45 fr.pc=0x00000166e8b61f54 relative=0x00000000000001f4
Event: 32.157 Thread 0x00000166fb0d1650 Uncommon trap: reason=unstable_if action=reinterpret pc=0x00000166e8b61f54 method=java.util.HashMap.getNode(Ljava/lang/Object;)Ljava/util/HashMap$Node; @ 131 c2
Event: 32.157 Thread 0x00000166fb0d1650 DEOPT PACKING pc=0x00000166e8b61f54 sp=0x00000026ef3fec50
Event: 32.157 Thread 0x00000166fb0d1650 DEOPT UNPACKING pc=0x00000166e8576da2 sp=0x00000026ef3feb60 mode 2
Event: 32.157 Thread 0x00000166fb0d1650 Uncommon trap: trap_request=0xffffff45 fr.pc=0x00000166e8b60d80 relative=0x0000000000000220
Event: 32.157 Thread 0x00000166fb0d1650 Uncommon trap: reason=unstable_if action=reinterpret pc=0x00000166e8b60d80 method=java.util.HashMap.getNode(Ljava/lang/Object;)Ljava/util/HashMap$Node; @ 131 c2
Event: 32.157 Thread 0x00000166fb0d1650 DEOPT PACKING pc=0x00000166e8b60d80 sp=0x00000026ef3feb70
Event: 32.157 Thread 0x00000166fb0d1650 DEOPT UNPACKING pc=0x00000166e8576da2 sp=0x00000026ef3feaf0 mode 2
Event: 32.362 Thread 0x00000166fb0d1650 Uncommon trap: trap_request=0xffffff45 fr.pc=0x00000166e8ee9370 relative=0x0000000000000bb0
Event: 32.362 Thread 0x00000166fb0d1650 Uncommon trap: reason=unstable_if action=reinterpret pc=0x00000166e8ee9370 method=java.util.regex.Pattern.atom()Ljava/util/regex/Pattern$Node; @ 14 c2
Event: 32.362 Thread 0x00000166fb0d1650 DEOPT PACKING pc=0x00000166e8ee9370 sp=0x00000026ef3fdd70
Event: 32.362 Thread 0x00000166fb0d1650 DEOPT UNPACKING pc=0x00000166e8576da2 sp=0x00000026ef3fdd08 mode 2

Classes loaded (20 events):
Event: 32.361 Loading class sun/util/cldr/CLDRTimeZoneNameProviderImpl
Event: 32.362 Loading class sun/util/locale/provider/TimeZoneNameProviderImpl
Event: 32.362 Loading class sun/util/locale/provider/TimeZoneNameProviderImpl done
Event: 32.362 Loading class sun/util/cldr/CLDRTimeZoneNameProviderImpl done
Event: 32.365 Loading class sun/util/resources/cldr/TimeZoneNames
Event: 32.369 Loading class sun/util/resources/TimeZoneNamesBundle
Event: 32.371 Loading class sun/util/resources/OpenListResourceBundle
Event: 32.373 Loading class sun/util/resources/OpenListResourceBundle done
Event: 32.373 Loading class sun/util/resources/TimeZoneNamesBundle done
Event: 32.373 Loading class sun/util/resources/cldr/TimeZoneNames done
Event: 32.374 Loading class sun/util/resources/cldr/TimeZoneNames_en
Event: 32.378 Loading class sun/util/resources/cldr/TimeZoneNames_en done
Event: 32.378 Loading class sun/util/resources/cldr/TimeZoneNames_en_US
Event: 32.378 Loading class sun/util/resources/cldr/TimeZoneNames_en_US done
Event: 32.380 Loading class sun/util/cldr/CLDRBaseLocaleDataMetaInfo$TZCanonicalIDMapHolder
Event: 32.382 Loading class sun/util/cldr/CLDRBaseLocaleDataMetaInfo$TZCanonicalIDMapHolder done
Event: 32.385 Loading class sun/util/resources/TimeZoneNames
Event: 32.387 Loading class sun/util/resources/TimeZoneNames done
Event: 32.387 Loading class sun/util/resources/TimeZoneNames_en
Event: 32.387 Loading class sun/util/resources/TimeZoneNames_en done

Classes unloaded (19 events):
Event: 6.940 Thread 0x00000166ddd425c0 Unloading class 0x00000166811ab400 'java/lang/invoke/LambdaForm$MH+0x00000166811ab400'
Event: 6.940 Thread 0x00000166ddd425c0 Unloading class 0x00000166811ab000 'java/lang/invoke/LambdaForm$MH+0x00000166811ab000'
Event: 6.940 Thread 0x00000166ddd425c0 Unloading class 0x00000166811aac00 'java/lang/invoke/LambdaForm$MH+0x00000166811aac00'
Event: 6.940 Thread 0x00000166ddd425c0 Unloading class 0x00000166811aa800 'java/lang/invoke/LambdaForm$MH+0x00000166811aa800'
Event: 6.940 Thread 0x00000166ddd425c0 Unloading class 0x00000166811aa400 'java/lang/invoke/LambdaForm$BMH+0x00000166811aa400'
Event: 6.940 Thread 0x00000166ddd425c0 Unloading class 0x00000166811aa000 'java/lang/invoke/LambdaForm$DMH+0x00000166811aa000'
Event: 6.940 Thread 0x00000166ddd425c0 Unloading class 0x00000166811a8c00 'java/lang/invoke/LambdaForm$DMH+0x00000166811a8c00'
Event: 9.097 Thread 0x00000166ddd425c0 Unloading class 0x0000016681313800 'java/lang/invoke/LambdaForm$MH+0x0000016681313800'
Event: 9.097 Thread 0x00000166ddd425c0 Unloading class 0x0000016681312c00 'java/lang/invoke/LambdaForm$MH+0x0000016681312c00'
Event: 9.097 Thread 0x00000166ddd425c0 Unloading class 0x0000016681312400 'java/lang/invoke/LambdaForm$MH+0x0000016681312400'
Event: 9.097 Thread 0x00000166ddd425c0 Unloading class 0x0000016681311c00 'java/lang/invoke/LambdaForm$MH+0x0000016681311c00'
Event: 9.097 Thread 0x00000166ddd425c0 Unloading class 0x0000016681311400 'java/lang/invoke/LambdaForm$DMH+0x0000016681311400'
Event: 9.097 Thread 0x00000166ddd425c0 Unloading class 0x0000016681310c00 'java/lang/invoke/LambdaForm$MH+0x0000016681310c00'
Event: 15.175 Thread 0x00000166ddd425c0 Unloading class 0x000001668170e800 'java/lang/invoke/LambdaForm$MH+0x000001668170e800'
Event: 15.175 Thread 0x00000166ddd425c0 Unloading class 0x000001668170e000 'java/lang/invoke/LambdaForm$MH+0x000001668170e000'
Event: 15.175 Thread 0x00000166ddd425c0 Unloading class 0x000001668170d800 'java/lang/invoke/LambdaForm$MH+0x000001668170d800'
Event: 15.175 Thread 0x00000166ddd425c0 Unloading class 0x000001668170d000 'java/lang/invoke/LambdaForm$MH+0x000001668170d000'
Event: 15.175 Thread 0x00000166ddd425c0 Unloading class 0x000001668170cc00 'java/lang/invoke/LambdaForm$MH+0x000001668170cc00'
Event: 15.175 Thread 0x00000166ddd425c0 Unloading class 0x000001668170c000 'java/lang/invoke/LambdaForm$MH+0x000001668170c000'

Classes redefined (0 events):
No events

Internal exceptions (20 events):
Event: 18.234 Thread 0x00000166c11ca560 Exception <a 'java/lang/NoSuchMethodError'{0x00000000d57233d0}: static Lorg/gradle/tooling/internal/provider/serialization/ClassLoaderDetails;.<clinit>()V> (0x00000000d57233d0) 
thrown [s\src\hotspot\share\prims\jni.cpp, line 1111]
Event: 18.236 Thread 0x00000166c11ca560 Exception <a 'java/lang/NoSuchMethodError'{0x00000000d574ad70}: static Lorg/gradle/internal/classloader/ClassLoaderSpec;.<clinit>()V> (0x00000000d574ad70) 
thrown [s\src\hotspot\share\prims\jni.cpp, line 1111]
Event: 18.236 Thread 0x00000166c11ca560 Exception <a 'java/lang/NoSuchMethodError'{0x00000000d575a918}: static Lorg/gradle/tooling/internal/provider/serialization/WellKnownClassLoaderRegistry$KnownClassLoaderSpec;.<clinit>()V> (0x00000000d575a918) 
thrown [s\src\hotspot\share\prims\jni.cpp, line 1111]
Event: 18.237 Thread 0x00000166c11ca560 Exception <a 'java/lang/NoSuchMethodError'{0x00000000d577aca8}: static Lorg/gradle/internal/classloader/ClassLoaderSpec;.<clinit>()V> (0x00000000d577aca8) 
thrown [s\src\hotspot\share\prims\jni.cpp, line 1111]
Event: 18.238 Thread 0x00000166c11ca560 Exception <a 'java/lang/NoSuchMethodError'{0x00000000d578c170}: static Lorg/gradle/internal/classloader/VisitableURLClassLoader$Spec;.<clinit>()V> (0x00000000d578c170) 
thrown [s\src\hotspot\share\prims\jni.cpp, line 1111]
Event: 18.314 Thread 0x00000166c11ca560 Exception <a 'java/lang/NoSuchMethodError'{0x00000000d5eecf20}: static Lorg/gradle/plugins/ide/internal/tooling/model/DefaultGradleProject;.<clinit>()V> (0x00000000d5eecf20) 
thrown [s\src\hotspot\share\prims\jni.cpp, line 1111]
Event: 18.318 Thread 0x00000166c11ca560 Exception <a 'java/lang/NoSuchMethodError'{0x00000000d5f28928}: static Lorg/gradle/plugins/ide/internal/tooling/model/DefaultGradleScript;.<clinit>()V> (0x00000000d5f28928) 
thrown [s\src\hotspot\share\prims\jni.cpp, line 1111]
Event: 18.320 Thread 0x00000166c11ca560 Exception <a 'java/lang/NoSuchMethodError'{0x00000000d5f450f0}: static [Ljava/lang/Object;.<clinit>()V> (0x00000000d5f450f0) 
thrown [s\src\hotspot\share\prims\jni.cpp, line 1111]
Event: 18.330 Thread 0x00000166c11ca560 Exception <a 'java/lang/NoSuchMethodError'{0x00000000d6057fd0}: static Lorg/gradle/tooling/internal/gradle/DefaultProjectIdentifier;.<clinit>()V> (0x00000000d6057fd0) 
thrown [s\src\hotspot\share\prims\jni.cpp, line 1111]
Event: 18.330 Thread 0x00000166c11ca560 Exception <a 'java/lang/NoSuchMethodError'{0x00000000d6066628}: static Lorg/gradle/tooling/internal/gradle/DefaultBuildIdentifier;.<clinit>()V> (0x00000000d6066628) 
thrown [s\src\hotspot\share\prims\jni.cpp, line 1111]
Event: 18.334 Thread 0x00000166c11ca560 Exception <a 'java/lang/NoSuchMethodError'{0x00000000d60a5da8}: static Lorg/gradle/plugins/ide/internal/tooling/model/LaunchableGradleTask;.<clinit>()V> (0x00000000d60a5da8) 
thrown [s\src\hotspot\share\prims\jni.cpp, line 1111]
Event: 18.335 Thread 0x00000166c11ca560 Exception <a 'java/lang/NoSuchMethodError'{0x00000000d60ab998}: static Lorg/gradle/plugins/ide/internal/tooling/model/LaunchableGradleProjectTask;.<clinit>()V> (0x00000000d60ab998) 
thrown [s\src\hotspot\share\prims\jni.cpp, line 1111]
Event: 19.909 Thread 0x00000166f66e6850 Exception <a 'sun/nio/fs/WindowsException'{0x00000000d5e86908}> (0x00000000d5e86908) 
thrown [s\src\hotspot\share\prims\jni.cpp, line 520]
Event: 19.909 Thread 0x00000166f66e6850 Exception <a 'sun/nio/fs/WindowsException'{0x00000000d5e871e8}> (0x00000000d5e871e8) 
thrown [s\src\hotspot\share\prims\jni.cpp, line 520]
Event: 19.999 Thread 0x00000166fd3857b0 Exception <a 'java/io/FileNotFoundException'{0x00000000d61b6d18}> (0x00000000d61b6d18) 
thrown [s\src\hotspot\share\prims\jni.cpp, line 520]
Event: 19.999 Thread 0x00000166fd3857b0 Exception <a 'java/io/FileNotFoundException'{0x00000000d61b8010}> (0x00000000d61b8010) 
thrown [s\src\hotspot\share\prims\jni.cpp, line 520]
Event: 19.999 Thread 0x00000166fd3857b0 Exception <a 'java/io/FileNotFoundException'{0x00000000d61b9040}> (0x00000000d61b9040) 
thrown [s\src\hotspot\share\prims\jni.cpp, line 520]
Event: 20.202 Thread 0x00000166fd3857b0 Exception <a 'java/lang/NoSuchMethodError'{0x00000000d5a546a0}: 'java.lang.Object java.lang.invoke.DirectMethodHandle$Holder.invokeVirtual(java.lang.Object, java.lang.Object, int)'> (0x00000000d5a546a0) 
thrown [s\src\hotspot\share\interpreter\linkResolver.cpp, line 773]
Event: 20.236 Thread 0x00000166f66e6850 Exception <a 'java/lang/NoSuchMethodError'{0x00000000d5b92250}: 'java.lang.Object java.lang.invoke.DirectMethodHandle$Holder.invokeStatic(java.lang.Object, java.lang.Object, int, java.lang.Object)'> (0x00000000d5b92250) 
thrown [s\src\hotspot\share\interpreter\linkResolver.cpp, line 773]
Event: 20.237 Thread 0x00000166f66e6850 Exception <a 'java/lang/NoSuchMethodError'{0x00000000d5b98850}: 'java.lang.Object java.lang.invoke.DirectMethodHandle$Holder.newInvokeSpecial(java.lang.Object, java.lang.Object, int)'> (0x00000000d5b98850) 
thrown [s\src\hotspot\share\interpreter\linkResolver.cpp, line 773]

ZGC Phase Switch (0 events):
No events

VM Operations (20 events):
Event: 20.127 Executing safepoint VM operation: ParallelGCFailedAllocation (Allocation Failure)
Event: 20.129 Executing safepoint VM operation: ParallelGCFailedAllocation (Allocation Failure) done
Event: 20.210 Executing non-safepoint VM operation: HandshakeAllThreads (Deoptimize)
Event: 20.210 Executing non-safepoint VM operation: HandshakeAllThreads (Deoptimize) done
Event: 21.210 Executing safepoint VM operation: Cleanup
Event: 21.211 Executing safepoint VM operation: Cleanup done
Event: 32.274 Executing safepoint VM operation: Cleanup
Event: 32.274 Executing safepoint VM operation: Cleanup done
Event: 33.286 Executing safepoint VM operation: Cleanup
Event: 33.286 Executing safepoint VM operation: Cleanup done
Event: 39.309 Executing safepoint VM operation: Cleanup
Event: 39.309 Executing safepoint VM operation: Cleanup done
Event: 60.122 Executing non-safepoint VM operation: HandshakeAllThreads (HandshakeForDeflation)
Event: 60.122 Executing non-safepoint VM operation: HandshakeAllThreads (HandshakeForDeflation) done
Event: 60.122 Executing non-safepoint VM operation: RendezvousGCThreads
Event: 60.122 Executing non-safepoint VM operation: RendezvousGCThreads done
Event: 119.396 Executing safepoint VM operation: Cleanup
Event: 119.400 Executing safepoint VM operation: Cleanup done
Event: 123.412 Executing safepoint VM operation: Cleanup
Event: 123.416 Executing safepoint VM operation: Cleanup done

Memory protections (0 events):
No events

Nmethod flushes (20 events):
Event: 15.190 Thread 0x00000166ddd425c0 flushing  nmethod 0x00000166e186f190
Event: 15.190 Thread 0x00000166ddd425c0 flushing  nmethod 0x00000166e1877e10
Event: 15.190 Thread 0x00000166ddd425c0 flushing  nmethod 0x00000166e1880090
Event: 15.190 Thread 0x00000166ddd425c0 flushing  nmethod 0x00000166e1880f90
Event: 15.190 Thread 0x00000166ddd425c0 flushing  nmethod 0x00000166e1897c10
Event: 15.190 Thread 0x00000166ddd425c0 flushing  nmethod 0x00000166e18b0f10
Event: 15.190 Thread 0x00000166ddd425c0 flushing  nmethod 0x00000166e18b1e90
Event: 15.190 Thread 0x00000166ddd425c0 flushing  nmethod 0x00000166e18b2490
Event: 15.190 Thread 0x00000166ddd425c0 flushing  nmethod 0x00000166e18b2d10
Event: 15.190 Thread 0x00000166ddd425c0 flushing  nmethod 0x00000166e18b3090
Event: 15.190 Thread 0x00000166ddd425c0 flushing  nmethod 0x00000166e18b5d90
Event: 15.190 Thread 0x00000166ddd425c0 flushing  nmethod 0x00000166e18bfc90
Event: 15.190 Thread 0x00000166ddd425c0 flushing  nmethod 0x00000166e18c5f10
Event: 15.190 Thread 0x00000166ddd425c0 flushing  nmethod 0x00000166e18cc890
Event: 15.190 Thread 0x00000166ddd425c0 flushing osr nmethod 0x00000166e18de190
Event: 15.190 Thread 0x00000166ddd425c0 flushing  nmethod 0x00000166e1908290
Event: 15.190 Thread 0x00000166ddd425c0 flushing  nmethod 0x00000166e1918590
Event: 15.190 Thread 0x00000166ddd425c0 flushing  nmethod 0x00000166e191d510
Event: 15.190 Thread 0x00000166ddd425c0 flushing  nmethod 0x00000166e1922110
Event: 15.190 Thread 0x00000166ddd425c0 flushing  nmethod 0x00000166e1924090

Events (20 events):
Event: 18.341 Thread 0x00000166c11ca560 Thread exited: 0x00000166c11ca560
Event: 18.345 Thread 0x00000166ddd9e470 Thread added: 0x00000166fd27da40
Event: 18.355 Thread 0x00000166f66e6850 Thread added: 0x00000166c11cb910
Event: 18.365 Thread 0x00000166c11cb910 Thread added: 0x00000166c11ca560
Event: 18.455 Thread 0x00000166fd27da40 Thread exited: 0x00000166fd27da40
Event: 19.466 Thread 0x00000166c11ca560 Thread exited: 0x00000166c11ca560
Event: 19.495 Thread 0x00000166ddd9e470 Thread added: 0x00000166fd27da40
Event: 19.569 Thread 0x00000166fd27da40 Thread added: 0x00000166fd27c5d0
Event: 19.932 Thread 0x00000166c11cb910 Thread exited: 0x00000166c11cb910
Event: 20.172 Thread 0x00000166fd27c5d0 Thread exited: 0x00000166fd27c5d0
Event: 25.241 Thread 0x00000166fd27da40 Thread exited: 0x00000166fd27da40
Event: 32.080 Thread 0x00000166ddd5d090 Thread added: 0x00000166fd27da40
Event: 32.363 Thread 0x00000166fd27da40 Thread exited: 0x00000166fd27da40
Event: 75.037 Thread 0x00000166c11c7770 Thread exited: 0x00000166c11c7770
Event: 79.989 Thread 0x00000166fd387880 Thread exited: 0x00000166fd387880
Event: 79.989 Thread 0x00000166fd3871f0 Thread exited: 0x00000166fd3871f0
Event: 80.065 Thread 0x00000166f66e5b30 Thread exited: 0x00000166f66e5b30
Event: 80.074 Thread 0x00000166f66e6ee0 Thread exited: 0x00000166f66e6ee0
Event: 135.045 Thread 0x00000166fdb900f0 Thread exited: 0x00000166fdb900f0
Event: 195.278 Thread 0x00000166fdb96360 Thread exited: 0x00000166fdb96360


Dynamic libraries:
0x00007ff661110000 - 0x00007ff66111e000 	c:\Users\mange\.antigravity\extensions\redhat.java-1.54.0-win32-x64\jre\21.0.10-win32-x86_64\bin\java.exe
0x00007ffe5cc70000 - 0x00007ffe5ce68000 	C:\Windows\SYSTEM32\ntdll.dll
0x00007ffe5b010000 - 0x00007ffe5b0d2000 	C:\Windows\System32\KERNEL32.DLL
0x00007ffe5a580000 - 0x00007ffe5a876000 	C:\Windows\System32\KERNELBASE.dll
0x00007ffe5a300000 - 0x00007ffe5a400000 	C:\Windows\System32\ucrtbase.dll
0x00007ffe4c8e0000 - 0x00007ffe4c8f8000 	c:\Users\mange\.antigravity\extensions\redhat.java-1.54.0-win32-x64\jre\21.0.10-win32-x86_64\bin\jli.dll
0x00007ffe5be10000 - 0x00007ffe5bfb1000 	C:\Windows\System32\USER32.dll
0x00007ffe5a430000 - 0x00007ffe5a452000 	C:\Windows\System32\win32u.dll
0x00007ffe5af30000 - 0x00007ffe5af5b000 	C:\Windows\System32\GDI32.dll
0x00007ffe5a460000 - 0x00007ffe5a579000 	C:\Windows\System32\gdi32full.dll
0x00007ffe5a880000 - 0x00007ffe5a91d000 	C:\Windows\System32\msvcp_win.dll
0x00007ffe52510000 - 0x00007ffe5252e000 	c:\Users\mange\.antigravity\extensions\redhat.java-1.54.0-win32-x64\jre\21.0.10-win32-x86_64\bin\VCRUNTIME140.dll
0x00007ffe41ac0000 - 0x00007ffe41d5b000 	C:\Windows\WinSxS\amd64_microsoft.windows.common-controls_6595b64144ccf1df_6.0.19041.6456_none_60b8a6cb71f64256\COMCTL32.dll
0x00007ffe5b0e0000 - 0x00007ffe5b17e000 	C:\Windows\System32\msvcrt.dll
0x00007ffe5b180000 - 0x00007ffe5b1af000 	C:\Windows\System32\IMM32.DLL
0x00007ffe52560000 - 0x00007ffe5256c000 	c:\Users\mange\.antigravity\extensions\redhat.java-1.54.0-win32-x64\jre\21.0.10-win32-x86_64\bin\vcruntime140_1.dll
0x00007ffe1fb90000 - 0x00007ffe1fc1d000 	c:\Users\mange\.antigravity\extensions\redhat.java-1.54.0-win32-x64\jre\21.0.10-win32-x86_64\bin\msvcp140.dll
0x00007ffde6a10000 - 0x00007ffde77b1000 	c:\Users\mange\.antigravity\extensions\redhat.java-1.54.0-win32-x64\jre\21.0.10-win32-x86_64\bin\server\jvm.dll
0x00007ffe5c350000 - 0x00007ffe5c401000 	C:\Windows\System32\ADVAPI32.dll
0x00007ffe5c500000 - 0x00007ffe5c59f000 	C:\Windows\System32\sechost.dll
0x00007ffe5ae10000 - 0x00007ffe5af30000 	C:\Windows\System32\RPCRT4.dll
0x00007ffe5a400000 - 0x00007ffe5a427000 	C:\Windows\System32\bcrypt.dll
0x00007ffe5c2d0000 - 0x00007ffe5c33b000 	C:\Windows\System32\WS2_32.dll
0x00007ffe4de00000 - 0x00007ffe4de27000 	C:\Windows\SYSTEM32\WINMM.dll
0x00007ffe59d10000 - 0x00007ffe59d5b000 	C:\Windows\SYSTEM32\POWRPROF.dll
0x00007ffe51820000 - 0x00007ffe5182a000 	C:\Windows\SYSTEM32\VERSION.dll
0x00007ffe59cf0000 - 0x00007ffe59d02000 	C:\Windows\SYSTEM32\UMPDC.dll
0x00007ffe58110000 - 0x00007ffe58122000 	C:\Windows\SYSTEM32\kernel.appcore.dll
0x00007ffe52490000 - 0x00007ffe5249a000 	c:\Users\mange\.antigravity\extensions\redhat.java-1.54.0-win32-x64\jre\21.0.10-win32-x86_64\bin\jimage.dll
0x00007ffe57710000 - 0x00007ffe57911000 	C:\Windows\SYSTEM32\DBGHELP.DLL
0x00007ffe3b3f0000 - 0x00007ffe3b424000 	C:\Windows\SYSTEM32\dbgcore.DLL
0x00007ffe5a920000 - 0x00007ffe5a9a2000 	C:\Windows\System32\bcryptPrimitives.dll
0x00007ffe4cba0000 - 0x00007ffe4cbaf000 	c:\Users\mange\.antigravity\extensions\redhat.java-1.54.0-win32-x64\jre\21.0.10-win32-x86_64\bin\instrument.dll
0x00007ffe493d0000 - 0x00007ffe493f0000 	c:\Users\mange\.antigravity\extensions\redhat.java-1.54.0-win32-x64\jre\21.0.10-win32-x86_64\bin\java.dll
0x00007ffe5b510000 - 0x00007ffe5bc80000 	C:\Windows\System32\SHELL32.dll
0x00007ffe58330000 - 0x00007ffe58ad5000 	C:\Windows\SYSTEM32\windows.storage.dll
0x00007ffe5b1b0000 - 0x00007ffe5b504000 	C:\Windows\System32\combase.dll
0x00007ffe59b70000 - 0x00007ffe59b9b000 	C:\Windows\SYSTEM32\Wldp.dll
0x00007ffe5bfd0000 - 0x00007ffe5c09d000 	C:\Windows\System32\OLEAUT32.dll
0x00007ffe5c5a0000 - 0x00007ffe5c64d000 	C:\Windows\System32\SHCORE.dll
0x00007ffe5adb0000 - 0x00007ffe5ae0b000 	C:\Windows\System32\shlwapi.dll
0x00007ffe5a230000 - 0x00007ffe5a254000 	C:\Windows\SYSTEM32\profapi.dll
0x00007ffe424b0000 - 0x00007ffe424c8000 	c:\Users\mange\.antigravity\extensions\redhat.java-1.54.0-win32-x64\jre\21.0.10-win32-x86_64\bin\zip.dll
0x00007ffe4cac0000 - 0x00007ffe4cad0000 	C:\Users\mange\.antigravity\extensions\redhat.java-1.54.0-win32-x64\jre\21.0.10-win32-x86_64\bin\net.dll
0x00007ffe563a0000 - 0x00007ffe564aa000 	C:\Windows\SYSTEM32\WINHTTP.dll
0x00007ffe59950000 - 0x00007ffe599ba000 	C:\Windows\system32\mswsock.dll
0x00007ffe39a60000 - 0x00007ffe39a76000 	C:\Users\mange\.antigravity\extensions\redhat.java-1.54.0-win32-x64\jre\21.0.10-win32-x86_64\bin\nio.dll
0x00007ffe4ca00000 - 0x00007ffe4ca10000 	c:\Users\mange\.antigravity\extensions\redhat.java-1.54.0-win32-x64\jre\21.0.10-win32-x86_64\bin\verify.dll
0x00007ffe140d0000 - 0x00007ffe14115000 	C:\Users\mange\AppData\Roaming\Antigravity\User\globalStorage\redhat.java\1.54.0\config_win\org.eclipse.equinox.launcher\org.eclipse.equinox.launcher.win32.win32.x86_64_1.3.0.v20260203-2149\eclipse_11919.dll
0x00007ffe5bc80000 - 0x00007ffe5bdab000 	C:\Windows\System32\ole32.dll
0x00007ffe59bb0000 - 0x00007ffe59bc8000 	C:\Windows\SYSTEM32\CRYPTSP.dll
0x00007ffe59290000 - 0x00007ffe592c8000 	C:\Windows\system32\rsaenh.dll
0x00007ffe5a1b0000 - 0x00007ffe5a1de000 	C:\Windows\SYSTEM32\USERENV.dll
0x00007ffe59ae0000 - 0x00007ffe59aec000 	C:\Windows\SYSTEM32\CRYPTBASE.dll
0x00007ffe59650000 - 0x00007ffe5968b000 	C:\Windows\SYSTEM32\IPHLPAPI.DLL
0x00007ffe5c340000 - 0x00007ffe5c348000 	C:\Windows\System32\NSI.dll
0x00007ffe30520000 - 0x00007ffe30569000 	C:\Users\mange\AppData\Local\Temp\jna-103662520\jna13947910113299714450.dll
0x00007ffe5c410000 - 0x00007ffe5c418000 	C:\Windows\System32\PSAPI.DLL
0x00007ffe53710000 - 0x00007ffe53727000 	C:\Windows\SYSTEM32\dhcpcsvc6.DLL
0x00007ffe536f0000 - 0x00007ffe5370d000 	C:\Windows\SYSTEM32\dhcpcsvc.DLL
0x00007ffe573e0000 - 0x00007ffe57407000 	C:\Users\mange\.gradle\native\1def1411415f61bf3af743bc5b6707747c0891f09f0c88961ee8f79bc544acac\windows-amd64\native-platform.dll
0x00007ffe55f10000 - 0x00007ffe55f1a000 	C:\Users\mange\.antigravity\extensions\redhat.java-1.54.0-win32-x64\jre\21.0.10-win32-x86_64\bin\management.dll
0x00007ffe54640000 - 0x00007ffe5464c000 	C:\Users\mange\.antigravity\extensions\redhat.java-1.54.0-win32-x64\jre\21.0.10-win32-x86_64\bin\management_ext.dll
0x00007ffe30870000 - 0x00007ffe30879000 	C:\Users\mange\.antigravity\extensions\redhat.java-1.54.0-win32-x64\jre\21.0.10-win32-x86_64\bin\extnet.dll
0x00007ffe31170000 - 0x00007ffe3117e000 	C:\Users\mange\.antigravity\extensions\redhat.java-1.54.0-win32-x64\jre\21.0.10-win32-x86_64\bin\sunmscapi.dll
0x00007ffe5ab30000 - 0x00007ffe5ac8d000 	C:\Windows\System32\CRYPT32.dll
0x00007ffe59da0000 - 0x00007ffe59dc7000 	C:\Windows\SYSTEM32\ncrypt.dll
0x00007ffe59d60000 - 0x00007ffe59d9b000 	C:\Windows\SYSTEM32\NTASN1.dll
0x00007ffe1bd20000 - 0x00007ffe1bd27000 	C:\Windows\system32\wshunix.dll

JVMTI agents:
c:\Users\mange\.antigravity\extensions\redhat.java-1.54.0-win32-x64\lombok\lombok-1.18.39-4050.jar path:c:\Users\mange\.antigravity\extensions\redhat.java-1.54.0-win32-x64\jre\21.0.10-win32-x86_64\bin\instrument.dll, loaded, initialized, instrumentlib options:none

dbghelp: loaded successfully - version: 4.0.5 - missing functions: none
symbol engine: initialized successfully - sym options: 0x614 - pdb path: .;c:\Users\mange\.antigravity\extensions\redhat.java-1.54.0-win32-x64\jre\21.0.10-win32-x86_64\bin;C:\Windows\SYSTEM32;C:\Windows\WinSxS\amd64_microsoft.windows.common-controls_6595b64144ccf1df_6.0.19041.6456_none_60b8a6cb71f64256;c:\Users\mange\.antigravity\extensions\redhat.java-1.54.0-win32-x64\jre\21.0.10-win32-x86_64\bin\server;C:\Users\mange\AppData\Roaming\Antigravity\User\globalStorage\redhat.java\1.54.0\config_win\org.eclipse.equinox.launcher\org.eclipse.equinox.launcher.win32.win32.x86_64_1.3.0.v20260203-2149;C:\Users\mange\AppData\Local\Temp\jna-103662520;C:\Users\mange\.gradle\native\1def1411415f61bf3af743bc5b6707747c0891f09f0c88961ee8f79bc544acac\windows-amd64

VM Arguments:
jvm_args: --add-modules=ALL-SYSTEM --add-opens=java.base/java.util=ALL-UNNAMED --add-opens=java.base/java.lang=ALL-UNNAMED --add-opens=java.base/sun.nio.fs=ALL-UNNAMED -Declipse.application=org.eclipse.jdt.ls.core.id1 -Dosgi.bundles.defaultStartLevel=4 -Declipse.product=org.eclipse.jdt.ls.core.product -Djava.import.generatesMetadataFilesAtProjectRoot=false -DDetectVMInstallationsJob.disabled=true -Dfile.encoding=utf8 -XX:+UseParallelGC -XX:GCTimeRatio=4 -XX:AdaptiveSizePolicyWeight=90 -Dsun.zip.disableMemoryMapping=true -Xmx2G -Xms100m -Xlog:disable -javaagent:c:\Users\mange\.antigravity\extensions\redhat.java-1.54.0-win32-x64\lombok\lombok-1.18.39-4050.jar -XX:+HeapDumpOnOutOfMemoryError -XX:HeapDumpPath=c:\Users\mange\AppData\Roaming\Antigravity\User\workspaceStorage\3ab230d77b211e43466a9bd2077229ae\redhat.java -Daether.dependencyCollector.impl=bf 
java_command: c:\Users\mange\.antigravity\extensions\redhat.java-1.54.0-win32-x64\server\plugins\org.eclipse.equinox.launcher_1.7.100.v20251111-0406.jar -configuration c:\Users\mange\AppData\Roaming\Antigravity\User\globalStorage\redhat.java\1.54.0\config_win -data c:\Users\mange\AppData\Roaming\Antigravity\User\workspaceStorage\3ab230d77b211e43466a9bd2077229ae\redhat.java\jdt_ws --pipe=\\.\pipe\lsp-76673391d36f5f73a800af0ab229ca70-sock
java_class_path (initial): c:\Users\mange\.antigravity\extensions\redhat.java-1.54.0-win32-x64\server\plugins\org.eclipse.equinox.launcher_1.7.100.v20251111-0406.jar
Launcher Type: SUN_STANDARD

[Global flags]
    uintx AdaptiveSizePolicyWeight                 = 90                                        {product} {command line}
     intx CICompilerCount                          = 4                                         {product} {ergonomic}
    uintx GCTimeRatio                              = 4                                         {product} {command line}
     bool HeapDumpOnOutOfMemoryError               = true                                   {manageable} {command line}
    ccstr HeapDumpPath                             = c:\Users\mange\AppData\Roaming\Antigravity\User\workspaceStorage\3ab230d77b211e43466a9bd2077229ae\redhat.java         {manageable} {command line}
   size_t InitialHeapSize                          = 104857600                                 {product} {command line}
   size_t MaxHeapSize                              = 2147483648                                {product} {command line}
   size_t MaxNewSize                               = 715653120                                 {product} {ergonomic}
   size_t MinHeapDeltaBytes                        = 524288                                    {product} {ergonomic}
   size_t MinHeapSize                              = 104857600                                 {product} {command line}
   size_t NewSize                                  = 34603008                                  {product} {ergonomic}
    uintx NonNMethodCodeHeapSize                   = 5839372                                {pd product} {ergonomic}
    uintx NonProfiledCodeHeapSize                  = 122909434                              {pd product} {ergonomic}
   size_t OldSize                                  = 70254592                                  {product} {ergonomic}
    uintx ProfiledCodeHeapSize                     = 122909434                              {pd product} {ergonomic}
    uintx ReservedCodeCacheSize                    = 251658240                              {pd product} {ergonomic}
     bool SegmentedCodeCache                       = true                                      {product} {ergonomic}
   size_t SoftMaxHeapSize                          = 2147483648                             {manageable} {ergonomic}
     bool UseCompressedOops                        = true                           {product lp64_product} {ergonomic}
     bool UseLargePagesIndividualAllocation        = false                                  {pd product} {ergonomic}
     bool UseParallelGC                            = true                                      {product} {command line}

Logging:
Log output configuration:
 #0: stdout all=off uptime,level,tags foldmultilines=false
 #1: stderr all=off uptime,level,tags foldmultilines=false

Release file:
JAVA_VERSION="21.0.10" 
MODULES="java.base java.compiler java.datatransfer java.xml java.prefs java.desktop java.instrument java.logging java.management java.security.sasl java.naming java.rmi java.management.rmi java.net.http java.scripting java.security.jgss java.transaction.xa java.sql java.sql.rowset java.xml.crypto java.se java.smartcardio jdk.accessibility jdk.internal.jvmstat jdk.attach jdk.charsets jdk.internal.opt jdk.zipfs jdk.compiler jdk.crypto.ec jdk.crypto.cryptoki jdk.crypto.mscapi jdk.dynalink jdk.internal.ed jdk.editpad jdk.hotspot.agent jdk.httpserver jdk.internal.le jdk.internal.vm.ci jdk.internal.vm.compiler jdk.internal.vm.compiler.management jdk.jartool jdk.javadoc jdk.jcmd jdk.management jdk.management.agent jdk.jconsole jdk.jdeps jdk.jdwp.agent jdk.jdi jdk.jfr jdk.jshell jdk.jsobject jdk.jstatd jdk.localedata jdk.management.jfr jdk.naming.dns jdk.naming.rmi jdk.net jdk.nio.mapmode jdk.random jdk.sctp jdk.security.auth jdk.security.jgss jdk.unsupported jdk.unsupported.desktop jdk.xml.dom" 

Environment Variables:
JAVA_HOME=C:\Program Files\Java\jdk-21
PATH=C:\Program Files\Microsoft SDKs\Azure\CLI2\wbin;C:\Program Files\Common Files\Oracle\Java\javapath;C:\Program Files\Java\jdk1.8.0_291\bin;C:\Program Files\Java\jdk-21\bin;C:\Python311\Scripts\;C:\Python311\;C:\Program Files (x86)\Common Files\Oracle\Java\javapath;C:\Windows\system32;C:\Windows;C:\Windows\System32\Wbem;C:\Windows\System32\WindowsPowerShell\v1.0\;C:\Windows\System32\OpenSSH\;C:\Program Files\Git\cmd;C:\Program Files\Meld\;C:\ProgramData\chocolatey\bin;C:\Program Files\JMeter\bin;C:\Program Files\Java\jdk-21\bin;C:\Program Files (x86)\Google\Cloud SDK\google-cloud-sdk\bin;C:\Users\mange\Downloads\apache-maven-3.9.6-bin\apache-maven-3.9.6\bin;C:\ProgramData\ComposerSetup\bin;C:\Program Files\Memurai\;C:\Users\mange\AppData\Local\nvm;C:\nvm4w\nodejs;C:\Program Files\Docker\Docker\resources\bin;C:\Program Files\LLVM\bin;C:\Program Files (x86)\LLVM\bin;C:\Users\mange\.cargo\bin;C:\Program Files\MySQL\MySQL Shell 8.0\bin\;C:\Windows\system32\config\systemprofile\AppData\Local\Microsoft\WindowsApps;C:\Users\mange\AppData\Local\Programs\Microsoft VS Code\bin;C:\Users\mange\AppData\Roaming\npm;C:\Program Files\JetBrains\IntelliJ IDEA 2023.3.3\bin;;C:\Program Files\JetBrains\IntelliJ IDEA Community Edition 2023.3.3\bin;;C:\Program Files\Lens\resources\cli\bin;C:\Program Files\php-8.3.28;C:\Users\mange\AppData\Roaming\Composer\vendor\bin;C:\Users\mange\Downloads\flutter\bin;C:\Users\mange\AppData\Local\nvm;C:\nvm4w\nodejs;C:\Users\mange\AppData\Local\Programs\Antigravity\bin
USERNAME=mange
OS=Windows_NT
PROCESSOR_IDENTIFIER=Intel64 Family 6 Model 140 Stepping 1, GenuineIntel
TMP=C:\Users\mange\AppData\Local\Temp
TEMP=C:\Users\mange\AppData\Local\Temp




Periodic native trim disabled

---------------  S Y S T E M  ---------------

OS:
 Windows 10 , 64 bit Build 19041 (10.0.19041.5915)
OS uptime: 4 days 2:45 hours
Hyper-V role detected

CPU: total 8 (initial active 8) (4 cores per cpu, 2 threads per core) family 6 model 140 stepping 1 microcode 0xbc, cx8, cmov, fxsr, ht, mmx, 3dnowpref, sse, sse2, sse3, ssse3, sse4.1, sse4.2, popcnt, lzcnt, tsc, tscinvbit, avx, avx2, aes, erms, clmul, bmi1, bmi2, adx, avx512f, avx512dq, avx512cd, avx512bw, avx512vl, sha, fma, vzeroupper, avx512_vpopcntdq, avx512_vpclmulqdq, avx512_vaes, avx512_vnni, clflush, clflushopt, clwb, avx512_vbmi2, avx512_vbmi, hv, rdtscp, rdpid, fsrm, gfni, avx512_bitalg, f16c, cet_ibt, cet_ss, avx512_ifma
Processor Information for the first 8 processors :
  Max Mhz: 2803, Current Mhz: 1201, Mhz Limit: 1177

Memory: 4k page, system-wide physical 16103M (350M free)
TotalPageFile size 57525M (AvailPageFile size 95M)
current process WorkingSet (physical memory assigned to process): 5M, peak: 295M
current process commit charge ("private bytes"): 364M, peak: 390M

vm_info: OpenJDK 64-Bit Server VM (21.0.10+7-LTS) for windows-amd64 JRE (21.0.10+7-LTS), built on 2026-01-20T00:00:00Z by "admin" with MS VC++ 17.12 (VS2022)

END.
