#
# There is insufficient memory for the Java Runtime Environment to continue.
# Native memory allocation (malloc) failed to allocate 1048576 bytes. Error detail: AllocateHeap
# Possible reasons:
#   The system is out of physical RAM or swap space
#   This process is running with CompressedOops enabled, and the Java Heap may be blocking the growth of the native heap
# Possible solutions:
#   Reduce memory load on the system
#   Increase physical memory or swap space
#   Check if swap backing store is full
#   Decrease Java heap size (-Xmx/-Xms)
#   Decrease number of Java threads
#   Decrease Java thread stack sizes (-Xss)
#   Set larger code cache with -XX:ReservedCodeCacheSize=
#   JVM is running with Unscaled Compressed Oops mode in which the Java heap is
#     placed in the first 4GB address space. The Java Heap base address is the
#     maximum limit for the native heap growth. Please use -XX:HeapBaseMinAddress
#     to set the Java Heap base and to place the Java Heap above 4GB virtual address.
# This output file may be truncated or incomplete.
#
#  Out of Memory Error (allocation.cpp:44), pid=3612, tid=15024
#
# JRE version: OpenJDK Runtime Environment Temurin-21.0.10+7 (21.0.10+7) (build 21.0.10+7-LTS)
# Java VM: OpenJDK 64-Bit Server VM Temurin-21.0.10+7 (21.0.10+7-LTS, mixed mode, sharing, tiered, compressed oops, compressed class ptrs, parallel gc, windows-amd64)
# No core dump will be written. Minidumps are not enabled by default on client versions of Windows
#

---------------  S U M M A R Y ------------

Command Line: --add-modules=ALL-SYSTEM --add-opens=java.base/java.util=ALL-UNNAMED --add-opens=java.base/java.lang=ALL-UNNAMED --add-opens=java.base/sun.nio.fs=ALL-UNNAMED -Declipse.application=org.eclipse.jdt.ls.core.id1 -Dosgi.bundles.defaultStartLevel=4 -Declipse.product=org.eclipse.jdt.ls.core.product -Djava.import.generatesMetadataFilesAtProjectRoot=false -DDetectVMInstallationsJob.disabled=true -Dfile.encoding=utf8 -XX:+UseParallelGC -XX:GCTimeRatio=4 -XX:AdaptiveSizePolicyWeight=90 -Dsun.zip.disableMemoryMapping=true -Xmx2G -Xms100m -Xlog:disable -javaagent:c:\Users\mange\.antigravity\extensions\redhat.java-1.54.0-win32-x64\lombok\lombok-1.18.39-4050.jar -XX:+HeapDumpOnOutOfMemoryError -XX:HeapDumpPath=c:\Users\mange\AppData\Roaming\Antigravity\User\workspaceStorage\3ab230d77b211e43466a9bd2077229ae\redhat.java -Daether.dependencyCollector.impl=bf c:\Users\mange\.antigravity\extensions\redhat.java-1.54.0-win32-x64\server\plugins\org.eclipse.equinox.launcher_1.7.100.v20251111-0406.jar -configuration c:\Users\mange\AppData\Roaming\Antigravity\User\globalStorage\redhat.java\1.54.0\config_win -data c:\Users\mange\AppData\Roaming\Antigravity\User\workspaceStorage\3ab230d77b211e43466a9bd2077229ae\redhat.java\jdt_ws --pipe=\\.\pipe\lsp-fa778cfc52e36cd447a6bbda541d1aa8-sock

Host: 11th Gen Intel(R) Core(TM) i7-1165G7 @ 2.80GHz, 8 cores, 15G,  Windows 10 , 64 bit Build 19041 (10.0.19041.5915)
Time: Thu Jun 11 11:51:19 2026 India Standard Time elapsed time: 1855.841084 seconds (0d 0h 30m 55s)

---------------  T H R E A D  ---------------

Current thread (0x00000208f81b9220):  JavaThread "Attach Listener" daemon [_thread_in_vm, id=15024, stack(0x0000006e18000000,0x0000006e18100000) (1024K)]

Stack: [0x0000006e18000000,0x0000006e18100000]
Native frames: (J=compiled Java code, j=interpreted, Vv=VM code, C=native code)
V  [jvm.dll+0x6d7a39]
V  [jvm.dll+0x8b4b26]
V  [jvm.dll+0x8b70de]
V  [jvm.dll+0x8b77c3]
V  [jvm.dll+0x284346]
V  [jvm.dll+0xc1277]
V  [jvm.dll+0x6d82e9]
V  [jvm.dll+0x1334a6]
V  [jvm.dll+0x3f857e]
V  [jvm.dll+0x85f59d]
V  [jvm.dll+0x6d626d]
C  [ucrtbase.dll+0x21bb2]
C  [KERNEL32.DLL+0x17374]
C  [ntdll.dll+0x4cc91]


---------------  P R O C E S S  ---------------

Threads class SMR info:
_java_thread_list=0x0000020883afec60, length=35, elements={
0x000002089e3f5970, 0x00000208f81b0690, 0x00000208f81b2c50, 0x00000208f81b6210,
0x00000208f81b9220, 0x00000208f81b9c80, 0x00000208f81ba6e0, 0x00000208f81bb520,
0x00000208f81fd860, 0x00000208f9b5ee40, 0x00000208f9b83270, 0x00000208fe48d470,
0x00000208f9c941b0, 0x00000208fe0358f0, 0x00000208fe036330, 0x00000208fec8d2d0,
0x00000208fe6a7cf0, 0x00000208fedf7730, 0x00000208fedc3180, 0x00000208fedc0a20,
0x00000208fedc10b0, 0x00000208fedc2460, 0x00000208fedc2af0, 0x00000208fedc1740,
0x00000208fedc1dd0, 0x0000020881e887b0, 0x0000020881e88120, 0x0000020881e8c950,
0x0000020881e8cfe0, 0x0000020881e8ea20, 0x0000020881e8c2c0, 0x0000020881e8a1f0,
0x0000020881e8bc30, 0x0000020881e87a90, 0x0000020882ad6bf0
}

Java Threads: ( => current thread )
  0x000002089e3f5970 JavaThread "main"                              [_thread_blocked, id=8844, stack(0x0000006e17900000,0x0000006e17a00000) (1024K)]
  0x00000208f81b0690 JavaThread "Reference Handler"          daemon [_thread_blocked, id=21304, stack(0x0000006e17d00000,0x0000006e17e00000) (1024K)]
  0x00000208f81b2c50 JavaThread "Finalizer"                  daemon [_thread_blocked, id=21916, stack(0x0000006e17e00000,0x0000006e17f00000) (1024K)]
  0x00000208f81b6210 JavaThread "Signal Dispatcher"          daemon [_thread_blocked, id=23344, stack(0x0000006e17f00000,0x0000006e18000000) (1024K)]
=>0x00000208f81b9220 JavaThread "Attach Listener"            daemon [_thread_in_vm, id=15024, stack(0x0000006e18000000,0x0000006e18100000) (1024K)]
  0x00000208f81b9c80 JavaThread "Service Thread"             daemon [_thread_blocked, id=7576, stack(0x0000006e18100000,0x0000006e18200000) (1024K)]
  0x00000208f81ba6e0 JavaThread "Monitor Deflation Thread"   daemon [_thread_blocked, id=10932, stack(0x0000006e18200000,0x0000006e18300000) (1024K)]
  0x00000208f81bb520 JavaThread "C2 CompilerThread0"         daemon [_thread_blocked, id=21752, stack(0x0000006e18300000,0x0000006e18400000) (1024K)]
  0x00000208f81fd860 JavaThread "C1 CompilerThread0"         daemon [_thread_blocked, id=13912, stack(0x0000006e18400000,0x0000006e18500000) (1024K)]
  0x00000208f9b5ee40 JavaThread "Common-Cleaner"             daemon [_thread_blocked, id=23360, stack(0x0000006e18500000,0x0000006e18600000) (1024K)]
  0x00000208f9b83270 JavaThread "Notification Thread"        daemon [_thread_blocked, id=25616, stack(0x0000006e18700000,0x0000006e18800000) (1024K)]
  0x00000208fe48d470 JavaThread "Active Thread: Equinox Container: 6bf1099d-01bd-4df9-a786-01f37bfaad29"        [_thread_blocked, id=6148, stack(0x0000006e18f00000,0x0000006e19000000) (1024K)]
  0x00000208f9c941b0 JavaThread "Refresh Thread: Equinox Container: 6bf1099d-01bd-4df9-a786-01f37bfaad29" daemon [_thread_blocked, id=24168, stack(0x0000006e18800000,0x0000006e18900000) (1024K)]
  0x00000208fe0358f0 JavaThread "Framework Event Dispatcher: Equinox Container: 6bf1099d-01bd-4df9-a786-01f37bfaad29" daemon [_thread_blocked, id=27520, stack(0x0000006e19000000,0x0000006e19100000) (1024K)]
  0x00000208fe036330 JavaThread "Start Level: Equinox Container: 6bf1099d-01bd-4df9-a786-01f37bfaad29" daemon [_thread_blocked, id=12464, stack(0x0000006e19100000,0x0000006e19200000) (1024K)]
  0x00000208fec8d2d0 JavaThread "Bundle File Closer"         daemon [_thread_blocked, id=25280, stack(0x0000006e19300000,0x0000006e19400000) (1024K)]
  0x00000208fe6a7cf0 JavaThread "SCR Component Actor"        daemon [_thread_blocked, id=15740, stack(0x0000006e19200000,0x0000006e19300000) (1024K)]
  0x00000208fedf7730 JavaThread "Worker-JM"                         [_thread_blocked, id=27900, stack(0x0000006e19500000,0x0000006e19600000) (1024K)]
  0x00000208fedc3180 JavaThread "JNA Cleaner"                daemon [_thread_blocked, id=5460, stack(0x0000006e19700000,0x0000006e19800000) (1024K)]
  0x00000208fedc0a20 JavaThread "Java indexing"              daemon [_thread_blocked, id=19460, stack(0x0000006e19a00000,0x0000006e19b00000) (1024K)]
  0x00000208fedc10b0 JavaThread "Worker-2"                          [_thread_blocked, id=14260, stack(0x0000006e19d00000,0x0000006e19e00000) (1024K)]
  0x00000208fedc2460 JavaThread "Worker-3"                          [_thread_blocked, id=22368, stack(0x0000006e19e00000,0x0000006e19f00000) (1024K)]
  0x00000208fedc2af0 JavaThread "Thread-1"                   daemon [_thread_in_native, id=2408, stack(0x0000006e19f00000,0x0000006e1a000000) (1024K)]
  0x00000208fedc1740 JavaThread "Thread-2"                   daemon [_thread_in_native, id=24876, stack(0x0000006e1a000000,0x0000006e1a100000) (1024K)]
  0x00000208fedc1dd0 JavaThread "Thread-3"                   daemon [_thread_in_native, id=6620, stack(0x0000006e1a100000,0x0000006e1a200000) (1024K)]
  0x0000020881e887b0 JavaThread "Thread-4"                   daemon [_thread_in_native, id=27296, stack(0x0000006e1a200000,0x0000006e1a300000) (1024K)]
  0x0000020881e88120 JavaThread "Thread-5"                   daemon [_thread_in_native, id=12272, stack(0x0000006e1a300000,0x0000006e1a400000) (1024K)]
  0x0000020881e8c950 JavaThread "Thread-6"                   daemon [_thread_in_native, id=21512, stack(0x0000006e1a400000,0x0000006e1a500000) (1024K)]
  0x0000020881e8cfe0 JavaThread "Thread-7"                   daemon [_thread_in_native, id=9104, stack(0x0000006e1a500000,0x0000006e1a600000) (1024K)]
  0x0000020881e8ea20 JavaThread "Thread-8"                   daemon [_thread_in_native, id=15252, stack(0x0000006e1a600000,0x0000006e1a700000) (1024K)]
  0x0000020881e8c2c0 JavaThread "Thread-9"                   daemon [_thread_in_native, id=28512, stack(0x0000006e1a700000,0x0000006e1a800000) (1024K)]
  0x0000020881e8a1f0 JavaThread "pool-2-thread-1"                   [_thread_blocked, id=20720, stack(0x0000006e1a800000,0x0000006e1a900000) (1024K)]
  0x0000020881e8bc30 JavaThread "WorkspaceEventsHandler"            [_thread_blocked, id=8512, stack(0x0000006e1a900000,0x0000006e1aa00000) (1024K)]
  0x0000020881e87a90 JavaThread "pool-1-thread-1"                   [_thread_blocked, id=26352, stack(0x0000006e1aa00000,0x0000006e1ab00000) (1024K)]
  0x0000020882ad6bf0 JavaThread "Timer-0"                           [_thread_blocked, id=19448, stack(0x0000006e1b400000,0x0000006e1b500000) (1024K)]
Total: 35

Other Threads:
  0x00000208f81a1390 VMThread "VM Thread"                           [id=28276, stack(0x0000006e17c00000,0x0000006e17d00000) (1024K)]
  0x00000208a065c570 WatcherThread "VM Periodic Task Thread"        [id=20056, stack(0x0000006e17b00000,0x0000006e17c00000) (1024K)]
  0x00000208a06106a0 WorkerThread "GC Thread#0"                     [id=14376, stack(0x0000006e17a00000,0x0000006e17b00000) (1024K)]
  0x00000208fea64a70 WorkerThread "GC Thread#1"                     [id=21256, stack(0x0000006e18900000,0x0000006e18a00000) (1024K)]
  0x00000208fe14df80 WorkerThread "GC Thread#2"                     [id=1944, stack(0x0000006e18a00000,0x0000006e18b00000) (1024K)]
  0x00000208fe14e330 WorkerThread "GC Thread#3"                     [id=23440, stack(0x0000006e18b00000,0x0000006e18c00000) (1024K)]
  0x00000208fe14e6e0 WorkerThread "GC Thread#4"                     [id=25580, stack(0x0000006e18c00000,0x0000006e18d00000) (1024K)]
  0x00000208fe7ca180 WorkerThread "GC Thread#5"                     [id=24828, stack(0x0000006e18d00000,0x0000006e18e00000) (1024K)]
  0x00000208fe7ca530 WorkerThread "GC Thread#6"                     [id=14856, stack(0x0000006e18e00000,0x0000006e18f00000) (1024K)]
  0x00000208f81e6c80 WorkerThread "GC Thread#7"                     [id=14984, stack(0x0000006e18600000,0x0000006e18700000) (1024K)]
Total: 10

Threads with active compile tasks:
Total: 0

VM state: not at safepoint (normal execution)

VM Mutex/Monitor currently owned by a thread: None

Heap address: 0x0000000080000000, size: 2048 MB, Compressed Oops mode: 32-bit

CDS archive(s) mapped at: [0x00000208b7000000-0x00000208b7ba0000-0x00000208b7ba0000), size 12189696, SharedBaseAddress: 0x00000208b7000000, ArchiveRelocationMode: 1.
Compressed class space mapped at: 0x00000208b8000000-0x00000208f8000000, reserved size: 1073741824
Narrow klass base: 0x00000208b7000000, Narrow klass shift: 0, Narrow klass range: 0x100000000

GC Precious Log:
 CardTable entry size: 512
 CPUs: 8 total, 8 available
 Memory: 16103M
 Large Page Support: Disabled
 NUMA Support: Disabled
 Compressed Oops: Enabled (32-bit)
 Alignments: Space 512K, Generation 512K, Heap 2M
 Heap Min Capacity: 100M
 Heap Initial Capacity: 100M
 Heap Max Capacity: 2G
 Pre-touch: Disabled
 Parallel Workers: 8

Heap:
 PSYoungGen      total 19968K, used 11831K [0x00000000d5580000, 0x00000000d6c00000, 0x0000000100000000)
  eden space 18944K, 57% used [0x00000000d5580000,0x00000000d600fa88,0x00000000d6800000)
  from space 1024K, 99% used [0x00000000d6880000,0x00000000d697e490,0x00000000d6980000)
  to   space 2048K, 0% used [0x00000000d6a00000,0x00000000d6a00000,0x00000000d6c00000)
 ParOldGen       total 68608K, used 58206K [0x0000000080000000, 0x0000000084300000, 0x00000000d5580000)
  object space 68608K, 84% used [0x0000000080000000,0x00000000838d7958,0x0000000084300000)
 Metaspace       used 65060K, committed 66624K, reserved 1114112K
  class space    used 7665K, committed 8320K, reserved 1048576K

Card table byte_map: [0x000002089ffc0000,0x00000208a03d0000] _byte_map_base: 0x000002089fbc0000

Marking Bits: (ParMarkBitMap*) 0x00007ffcd7443450
 Begin Bits: [0x00000208b2ab0000, 0x00000208b4ab0000)
 End Bits:   [0x00000208b4ab0000, 0x00000208b6ab0000)

Polling page: 0x000002089e500000

Metaspace:

Usage:
  Non-class:     56.05 MB used.
      Class:      7.49 MB used.
       Both:     63.54 MB used.

Virtual space:
  Non-class space:       64.00 MB reserved,      56.94 MB ( 89%) committed,  1 nodes.
      Class space:        1.00 GB reserved,       8.12 MB ( <1%) committed,  1 nodes.
             Both:        1.06 GB reserved,      65.06 MB (  6%) committed. 

Chunk freelists:
   Non-Class:  6.92 MB
       Class:  7.89 MB
        Both:  14.81 MB

MaxMetaspaceSize: unlimited
CompressedClassSpaceSize: 1.00 GB
Initial GC threshold: 21.00 MB
Current GC threshold: 97.31 MB
CDS: on
 - commit_granule_bytes: 65536.
 - commit_granule_words: 8192.
 - virtual_space_node_default_size: 8388608.
 - enlarge_chunks_in_place: 1.
 - use_allocation_guard: 0.


Internal statistics:

num_allocs_failed_limit: 9.
num_arena_births: 1298.
num_arena_deaths: 20.
num_vsnodes_births: 2.
num_vsnodes_deaths: 0.
num_space_committed: 1041.
num_space_uncommitted: 0.
num_chunks_returned_to_freelist: 30.
num_chunks_taken_from_freelist: 4145.
num_chunk_merges: 15.
num_chunk_splits: 2679.
num_chunks_enlarged: 1702.
num_inconsistent_stats: 0.

CodeHeap 'non-profiled nmethods': size=120000Kb used=6313Kb max_used=6313Kb free=113686Kb
 bounds [0x00000208ab2d0000, 0x00000208ab900000, 0x00000208b2800000]
CodeHeap 'profiled nmethods': size=120000Kb used=16832Kb max_used=16832Kb free=103167Kb
 bounds [0x00000208a3800000, 0x00000208a4880000, 0x00000208aad30000]
CodeHeap 'non-nmethods': size=5760Kb used=1422Kb max_used=1468Kb free=4337Kb
 bounds [0x00000208aad30000, 0x00000208aafa0000, 0x00000208ab2d0000]
CodeCache: size=245760Kb, used=24567Kb, max_used=24613Kb, free=221190Kb
 total_blobs=9185, nmethods=8463, adapters=628, full_count=0
Compilation: enabled, stopped_count=0, restarted_count=0

Compilation events (20 events):
Event: 1141.613 Thread 0x00000208f81fd860 9228       3       java.util.concurrent.ScheduledThreadPoolExecutor$DelayedWorkQueue::finishPoll (43 bytes)
Event: 1141.614 Thread 0x00000208f81fd860 nmethod 9228 0x00000208a4867010 code [0x00000208a48671e0, 0x00000208a4867768]
Event: 1141.614 Thread 0x00000208f81fd860 9229       3       java.util.concurrent.locks.AbstractQueuedSynchronizer$ConditionObject::awaitNanos (202 bytes)
Event: 1141.614 Thread 0x00000208f81fd860 nmethod 9229 0x00000208a4867910 code [0x00000208a4867c00, 0x00000208a4868a20]
Event: 1147.348 Thread 0x00000208f81fd860 9230   !   3       java.util.concurrent.ScheduledThreadPoolExecutor$DelayedWorkQueue::offer (123 bytes)
Event: 1147.350 Thread 0x00000208f81fd860 nmethod 9230 0x00000208a4868f90 code [0x00000208a48692a0, 0x00000208a486a630]
Event: 1147.350 Thread 0x00000208f81fd860 9231       3       java.util.concurrent.ThreadPoolExecutor::ensurePrestart (41 bytes)
Event: 1147.350 Thread 0x00000208f81fd860 nmethod 9231 0x00000208a486ae90 code [0x00000208a486b060, 0x00000208a486b310]
Event: 1187.371 Thread 0x00000208f81fd860 9232   !   3       java.util.concurrent.FutureTask::runAndReset (125 bytes)
Event: 1187.375 Thread 0x00000208f81fd860 nmethod 9232 0x00000208a486b410 code [0x00000208a486b880, 0x00000208a486de18]
Event: 1187.375 Thread 0x00000208f81fd860 9233       3       java.util.concurrent.ScheduledThreadPoolExecutor$ScheduledFutureTask::setNextRunTime (38 bytes)
Event: 1187.375 Thread 0x00000208f81fd860 nmethod 9233 0x00000208a486e990 code [0x00000208a486eb40, 0x00000208a486edd0]
Event: 1187.375 Thread 0x00000208f81fd860 9234       3       java.util.concurrent.ScheduledThreadPoolExecutor::reExecutePeriodic (49 bytes)
Event: 1187.376 Thread 0x00000208f81fd860 nmethod 9234 0x00000208a486ee90 code [0x00000208a486f0c0, 0x00000208a486f840]
Event: 1216.114 Thread 0x00000208f81fd860 9235       3       org.eclipse.core.runtime.jobs.Job::getJobGroup (5 bytes)
Event: 1216.114 Thread 0x00000208f81fd860 nmethod 9235 0x00000208a486fa90 code [0x00000208a486fc20, 0x00000208a486fd40]
Event: 1297.434 Thread 0x00000208f81fd860 9236       1       org.eclipse.jdt.ls.core.internal.LanguageServerApplication::getParentProcessId (5 bytes)
Event: 1297.434 Thread 0x00000208f81fd860 nmethod 9236 0x00000208ab8fa290 code [0x00000208ab8fa420, 0x00000208ab8fa4e8]
Event: 1816.221 Thread 0x00000208f81fd860 9238       3       java.util.concurrent.atomic.AtomicLong::weakCompareAndSetVolatile (13 bytes)
Event: 1816.235 Thread 0x00000208f81fd860 nmethod 9238 0x00000208a486fe10 code [0x00000208a486ffc0, 0x00000208a4870120]

GC Heap History (20 events):
Event: 19.947 GC heap before
{Heap before GC invocations=37 (full 2):
 PSYoungGen      total 20992K, used 20960K [0x00000000d5580000, 0x00000000d7380000, 0x0000000100000000)
  eden space 18944K, 100% used [0x00000000d5580000,0x00000000d6800000,0x00000000d6800000)
  from space 2048K, 98% used [0x00000000d6c80000,0x00000000d6e78010,0x00000000d6e80000)
  to   space 4608K, 0% used [0x00000000d6800000,0x00000000d6800000,0x00000000d6c80000)
 ParOldGen       total 68608K, used 53889K [0x0000000080000000, 0x0000000084300000, 0x00000000d5580000)
  object space 68608K, 78% used [0x0000000080000000,0x00000000834a05c0,0x0000000084300000)
 Metaspace       used 57593K, committed 59008K, reserved 1114112K
  class space    used 6774K, committed 7360K, reserved 1048576K
}
Event: 19.950 GC heap after
{Heap after GC invocations=37 (full 2):
 PSYoungGen      total 20992K, used 1632K [0x00000000d5580000, 0x00000000d6d00000, 0x0000000100000000)
  eden space 18944K, 0% used [0x00000000d5580000,0x00000000d5580000,0x00000000d6800000)
  from space 2048K, 79% used [0x00000000d6800000,0x00000000d6998000,0x00000000d6a00000)
  to   space 2560K, 0% used [0x00000000d6a80000,0x00000000d6a80000,0x00000000d6d00000)
 ParOldGen       total 68608K, used 55889K [0x0000000080000000, 0x0000000084300000, 0x00000000d5580000)
  object space 68608K, 81% used [0x0000000080000000,0x00000000836945d0,0x0000000084300000)
 Metaspace       used 57593K, committed 59008K, reserved 1114112K
  class space    used 6774K, committed 7360K, reserved 1048576K
}
Event: 20.091 GC heap before
{Heap before GC invocations=38 (full 2):
 PSYoungGen      total 20992K, used 20306K [0x00000000d5580000, 0x00000000d6d00000, 0x0000000100000000)
  eden space 18944K, 98% used [0x00000000d5580000,0x00000000d67bc838,0x00000000d6800000)
  from space 2048K, 79% used [0x00000000d6800000,0x00000000d6998000,0x00000000d6a00000)
  to   space 2560K, 0% used [0x00000000d6a80000,0x00000000d6a80000,0x00000000d6d00000)
 ParOldGen       total 68608K, used 55889K [0x0000000080000000, 0x0000000084300000, 0x00000000d5580000)
  object space 68608K, 81% used [0x0000000080000000,0x00000000836945d0,0x0000000084300000)
 Metaspace       used 58024K, committed 59392K, reserved 1114112K
  class space    used 6823K, committed 7424K, reserved 1048576K
}
Event: 20.092 GC heap after
{Heap after GC invocations=38 (full 2):
 PSYoungGen      total 19456K, used 480K [0x00000000d5580000, 0x00000000d6b00000, 0x0000000100000000)
  eden space 18944K, 0% used [0x00000000d5580000,0x00000000d5580000,0x00000000d6800000)
  from space 512K, 93% used [0x00000000d6a80000,0x00000000d6af8020,0x00000000d6b00000)
  to   space 1536K, 0% used [0x00000000d6800000,0x00000000d6800000,0x00000000d6980000)
 ParOldGen       total 68608K, used 57390K [0x0000000080000000, 0x0000000084300000, 0x00000000d5580000)
  object space 68608K, 83% used [0x0000000080000000,0x000000008380bb48,0x0000000084300000)
 Metaspace       used 58024K, committed 59392K, reserved 1114112K
  class space    used 6823K, committed 7424K, reserved 1048576K
}
Event: 20.369 GC heap before
{Heap before GC invocations=39 (full 2):
 PSYoungGen      total 19456K, used 18381K [0x00000000d5580000, 0x00000000d6b00000, 0x0000000100000000)
  eden space 18944K, 94% used [0x00000000d5580000,0x00000000d66fb730,0x00000000d6800000)
  from space 512K, 93% used [0x00000000d6a80000,0x00000000d6af8020,0x00000000d6b00000)
  to   space 1536K, 0% used [0x00000000d6800000,0x00000000d6800000,0x00000000d6980000)
 ParOldGen       total 68608K, used 57390K [0x0000000080000000, 0x0000000084300000, 0x00000000d5580000)
  object space 68608K, 83% used [0x0000000080000000,0x000000008380bb48,0x0000000084300000)
 Metaspace       used 58398K, committed 59776K, reserved 1114112K
  class space    used 6870K, committed 7488K, reserved 1048576K
}
Event: 20.370 GC heap after
{Heap after GC invocations=39 (full 2):
 PSYoungGen      total 20480K, used 920K [0x00000000d5580000, 0x00000000d6b00000, 0x0000000100000000)
  eden space 18944K, 0% used [0x00000000d5580000,0x00000000d5580000,0x00000000d6800000)
  from space 1536K, 59% used [0x00000000d6800000,0x00000000d68e63b8,0x00000000d6980000)
  to   space 1024K, 0% used [0x00000000d6a00000,0x00000000d6a00000,0x00000000d6b00000)
 ParOldGen       total 68608K, used 57734K [0x0000000080000000, 0x0000000084300000, 0x00000000d5580000)
  object space 68608K, 84% used [0x0000000080000000,0x0000000083861b68,0x0000000084300000)
 Metaspace       used 58398K, committed 59776K, reserved 1114112K
  class space    used 6870K, committed 7488K, reserved 1048576K
}
Event: 20.370 GC heap before
{Heap before GC invocations=40 (full 3):
 PSYoungGen      total 20480K, used 920K [0x00000000d5580000, 0x00000000d6b00000, 0x0000000100000000)
  eden space 18944K, 0% used [0x00000000d5580000,0x00000000d5580000,0x00000000d6800000)
  from space 1536K, 59% used [0x00000000d6800000,0x00000000d68e63b8,0x00000000d6980000)
  to   space 1024K, 0% used [0x00000000d6a00000,0x00000000d6a00000,0x00000000d6b00000)
 ParOldGen       total 68608K, used 57734K [0x0000000080000000, 0x0000000084300000, 0x00000000d5580000)
  object space 68608K, 84% used [0x0000000080000000,0x0000000083861b68,0x0000000084300000)
 Metaspace       used 58398K, committed 59776K, reserved 1114112K
  class space    used 6870K, committed 7488K, reserved 1048576K
}
Event: 20.429 GC heap after
{Heap after GC invocations=40 (full 3):
 PSYoungGen      total 20480K, used 0K [0x00000000d5580000, 0x00000000d6b00000, 0x0000000100000000)
  eden space 18944K, 0% used [0x00000000d5580000,0x00000000d5580000,0x00000000d6800000)
  from space 1536K, 0% used [0x00000000d6800000,0x00000000d6800000,0x00000000d6980000)
  to   space 1024K, 0% used [0x00000000d6a00000,0x00000000d6a00000,0x00000000d6b00000)
 ParOldGen       total 68608K, used 54368K [0x0000000080000000, 0x0000000084300000, 0x00000000d5580000)
  object space 68608K, 79% used [0x0000000080000000,0x00000000835180d8,0x0000000084300000)
 Metaspace       used 58392K, committed 59776K, reserved 1114112K
  class space    used 6869K, committed 7488K, reserved 1048576K
}
Event: 20.574 GC heap before
{Heap before GC invocations=41 (full 3):
 PSYoungGen      total 20480K, used 18944K [0x00000000d5580000, 0x00000000d6b00000, 0x0000000100000000)
  eden space 18944K, 100% used [0x00000000d5580000,0x00000000d6800000,0x00000000d6800000)
  from space 1536K, 0% used [0x00000000d6800000,0x00000000d6800000,0x00000000d6980000)
  to   space 1024K, 0% used [0x00000000d6a00000,0x00000000d6a00000,0x00000000d6b00000)
 ParOldGen       total 68608K, used 54368K [0x0000000080000000, 0x0000000084300000, 0x00000000d5580000)
  object space 68608K, 79% used [0x0000000080000000,0x00000000835180d8,0x0000000084300000)
 Metaspace       used 60151K, committed 61632K, reserved 1114112K
  class space    used 7163K, committed 7808K, reserved 1048576K
}
Event: 20.575 GC heap after
{Heap after GC invocations=41 (full 3):
 PSYoungGen      total 19968K, used 672K [0x00000000d5580000, 0x00000000d6b00000, 0x0000000100000000)
  eden space 18944K, 0% used [0x00000000d5580000,0x00000000d5580000,0x00000000d6800000)
  from space 1024K, 65% used [0x00000000d6a00000,0x00000000d6aa8000,0x00000000d6b00000)
  to   space 1024K, 0% used [0x00000000d6900000,0x00000000d6900000,0x00000000d6a00000)
 ParOldGen       total 68608K, used 54376K [0x0000000080000000, 0x0000000084300000, 0x00000000d5580000)
  object space 68608K, 79% used [0x0000000080000000,0x000000008351a0d8,0x0000000084300000)
 Metaspace       used 60151K, committed 61632K, reserved 1114112K
  class space    used 7163K, committed 7808K, reserved 1048576K
}
Event: 32.851 GC heap before
{Heap before GC invocations=42 (full 3):
 PSYoungGen      total 19968K, used 19609K [0x00000000d5580000, 0x00000000d6b00000, 0x0000000100000000)
  eden space 18944K, 99% used [0x00000000d5580000,0x00000000d67fe590,0x00000000d6800000)
  from space 1024K, 65% used [0x00000000d6a00000,0x00000000d6aa8000,0x00000000d6b00000)
  to   space 1024K, 0% used [0x00000000d6900000,0x00000000d6900000,0x00000000d6a00000)
 ParOldGen       total 68608K, used 54376K [0x0000000080000000, 0x0000000084300000, 0x00000000d5580000)
  object space 68608K, 79% used [0x0000000080000000,0x000000008351a0d8,0x0000000084300000)
 Metaspace       used 61761K, committed 63232K, reserved 1114112K
  class space    used 7350K, committed 8000K, reserved 1048576K
}
Event: 32.853 GC heap after
{Heap after GC invocations=42 (full 3):
 PSYoungGen      total 19968K, used 1008K [0x00000000d5580000, 0x00000000d6e00000, 0x0000000100000000)
  eden space 18944K, 0% used [0x00000000d5580000,0x00000000d5580000,0x00000000d6800000)
  from space 1024K, 98% used [0x00000000d6900000,0x00000000d69fc020,0x00000000d6a00000)
  to   space 3072K, 0% used [0x00000000d6b00000,0x00000000d6b00000,0x00000000d6e00000)
 ParOldGen       total 68608K, used 55794K [0x0000000080000000, 0x0000000084300000, 0x00000000d5580000)
  object space 68608K, 81% used [0x0000000080000000,0x000000008367c998,0x0000000084300000)
 Metaspace       used 61761K, committed 63232K, reserved 1114112K
  class space    used 7350K, committed 8000K, reserved 1048576K
}
Event: 34.094 GC heap before
{Heap before GC invocations=43 (full 3):
 PSYoungGen      total 19968K, used 19952K [0x00000000d5580000, 0x00000000d6e00000, 0x0000000100000000)
  eden space 18944K, 100% used [0x00000000d5580000,0x00000000d6800000,0x00000000d6800000)
  from space 1024K, 98% used [0x00000000d6900000,0x00000000d69fc020,0x00000000d6a00000)
  to   space 3072K, 0% used [0x00000000d6b00000,0x00000000d6b00000,0x00000000d6e00000)
 ParOldGen       total 68608K, used 55794K [0x0000000080000000, 0x0000000084300000, 0x00000000d5580000)
  object space 68608K, 81% used [0x0000000080000000,0x000000008367c998,0x0000000084300000)
 Metaspace       used 62356K, committed 63872K, reserved 1114112K
  class space    used 7406K, committed 8064K, reserved 1048576K
}
Event: 34.096 GC heap after
{Heap after GC invocations=43 (full 3):
 PSYoungGen      total 20480K, used 1202K [0x00000000d5580000, 0x00000000d6c80000, 0x0000000100000000)
  eden space 18944K, 0% used [0x00000000d5580000,0x00000000d5580000,0x00000000d6800000)
  from space 1536K, 78% used [0x00000000d6b00000,0x00000000d6c2cb28,0x00000000d6c80000)
  to   space 2048K, 0% used [0x00000000d6880000,0x00000000d6880000,0x00000000d6a80000)
 ParOldGen       total 68608K, used 56822K [0x0000000080000000, 0x0000000084300000, 0x00000000d5580000)
  object space 68608K, 82% used [0x0000000080000000,0x000000008377db10,0x0000000084300000)
 Metaspace       used 62356K, committed 63872K, reserved 1114112K
  class space    used 7406K, committed 8064K, reserved 1048576K
}
Event: 34.201 GC heap before
{Heap before GC invocations=44 (full 3):
 PSYoungGen      total 20480K, used 20146K [0x00000000d5580000, 0x00000000d6c80000, 0x0000000100000000)
  eden space 18944K, 100% used [0x00000000d5580000,0x00000000d6800000,0x00000000d6800000)
  from space 1536K, 78% used [0x00000000d6b00000,0x00000000d6c2cb28,0x00000000d6c80000)
  to   space 2048K, 0% used [0x00000000d6880000,0x00000000d6880000,0x00000000d6a80000)
 ParOldGen       total 68608K, used 56822K [0x0000000080000000, 0x0000000084300000, 0x00000000d5580000)
  object space 68608K, 82% used [0x0000000080000000,0x000000008377db10,0x0000000084300000)
 Metaspace       used 62404K, committed 63936K, reserved 1114112K
  class space    used 7407K, committed 8064K, reserved 1048576K
}
Event: 34.203 GC heap after
{Heap after GC invocations=44 (full 3):
 PSYoungGen      total 19968K, used 896K [0x00000000d5580000, 0x00000000d6b80000, 0x0000000100000000)
  eden space 18944K, 0% used [0x00000000d5580000,0x00000000d5580000,0x00000000d6800000)
  from space 1024K, 87% used [0x00000000d6880000,0x00000000d6960000,0x00000000d6980000)
  to   space 1536K, 0% used [0x00000000d6a00000,0x00000000d6a00000,0x00000000d6b80000)
 ParOldGen       total 68608K, used 57430K [0x0000000080000000, 0x0000000084300000, 0x00000000d5580000)
  object space 68608K, 83% used [0x0000000080000000,0x0000000083815b90,0x0000000084300000)
 Metaspace       used 62404K, committed 63936K, reserved 1114112K
  class space    used 7407K, committed 8064K, reserved 1048576K
}
Event: 34.251 GC heap before
{Heap before GC invocations=45 (full 3):
 PSYoungGen      total 19968K, used 19840K [0x00000000d5580000, 0x00000000d6b80000, 0x0000000100000000)
  eden space 18944K, 100% used [0x00000000d5580000,0x00000000d6800000,0x00000000d6800000)
  from space 1024K, 87% used [0x00000000d6880000,0x00000000d6960000,0x00000000d6980000)
  to   space 1536K, 0% used [0x00000000d6a00000,0x00000000d6a00000,0x00000000d6b80000)
 ParOldGen       total 68608K, used 57430K [0x0000000080000000, 0x0000000084300000, 0x00000000d5580000)
  object space 68608K, 83% used [0x0000000080000000,0x0000000083815b90,0x0000000084300000)
 Metaspace       used 62412K, committed 63936K, reserved 1114112K
  class space    used 7407K, committed 8064K, reserved 1048576K
}
Event: 34.252 GC heap after
{Heap after GC invocations=45 (full 3):
 PSYoungGen      total 19456K, used 288K [0x00000000d5580000, 0x00000000d6a80000, 0x0000000100000000)
  eden space 18944K, 0% used [0x00000000d5580000,0x00000000d5580000,0x00000000d6800000)
  from space 512K, 56% used [0x00000000d6a00000,0x00000000d6a48000,0x00000000d6a80000)
  to   space 1024K, 0% used [0x00000000d6880000,0x00000000d6880000,0x00000000d6980000)
 ParOldGen       total 68608K, used 57750K [0x0000000080000000, 0x0000000084300000, 0x00000000d5580000)
  object space 68608K, 84% used [0x0000000080000000,0x0000000083865b90,0x0000000084300000)
 Metaspace       used 62412K, committed 63936K, reserved 1114112K
  class space    used 7407K, committed 8064K, reserved 1048576K
}
Event: 34.427 GC heap before
{Heap before GC invocations=46 (full 3):
 PSYoungGen      total 19456K, used 19232K [0x00000000d5580000, 0x00000000d6a80000, 0x0000000100000000)
  eden space 18944K, 100% used [0x00000000d5580000,0x00000000d6800000,0x00000000d6800000)
  from space 512K, 56% used [0x00000000d6a00000,0x00000000d6a48000,0x00000000d6a80000)
  to   space 1024K, 0% used [0x00000000d6880000,0x00000000d6880000,0x00000000d6980000)
 ParOldGen       total 68608K, used 57750K [0x0000000080000000, 0x0000000084300000, 0x00000000d5580000)
  object space 68608K, 84% used [0x0000000080000000,0x0000000083865b90,0x0000000084300000)
 Metaspace       used 63940K, committed 65472K, reserved 1114112K
  class space    used 7548K, committed 8192K, reserved 1048576K
}
Event: 34.428 GC heap after
{Heap after GC invocations=46 (full 3):
 PSYoungGen      total 19968K, used 1017K [0x00000000d5580000, 0x00000000d6c00000, 0x0000000100000000)
  eden space 18944K, 0% used [0x00000000d5580000,0x00000000d5580000,0x00000000d6800000)
  from space 1024K, 99% used [0x00000000d6880000,0x00000000d697e490,0x00000000d6980000)
  to   space 2048K, 0% used [0x00000000d6a00000,0x00000000d6a00000,0x00000000d6c00000)
 ParOldGen       total 68608K, used 58206K [0x0000000080000000, 0x0000000084300000, 0x00000000d5580000)
  object space 68608K, 84% used [0x0000000080000000,0x00000000838d7958,0x0000000084300000)
 Metaspace       used 63940K, committed 65472K, reserved 1114112K
  class space    used 7548K, committed 8192K, reserved 1048576K
}

Dll operation events (15 events):
Event: 0.011 Loaded shared library c:\Users\mange\.antigravity\extensions\redhat.java-1.54.0-win32-x64\jre\21.0.10-win32-x86_64\bin\java.dll
Event: 0.102 Loaded shared library c:\Users\mange\.antigravity\extensions\redhat.java-1.54.0-win32-x64\jre\21.0.10-win32-x86_64\bin\zip.dll
Event: 0.129 Loaded shared library C:\Users\mange\.antigravity\extensions\redhat.java-1.54.0-win32-x64\jre\21.0.10-win32-x86_64\bin\instrument.dll
Event: 0.135 Loaded shared library C:\Users\mange\.antigravity\extensions\redhat.java-1.54.0-win32-x64\jre\21.0.10-win32-x86_64\bin\net.dll
Event: 0.136 Loaded shared library C:\Users\mange\.antigravity\extensions\redhat.java-1.54.0-win32-x64\jre\21.0.10-win32-x86_64\bin\nio.dll
Event: 0.139 Loaded shared library C:\Users\mange\.antigravity\extensions\redhat.java-1.54.0-win32-x64\jre\21.0.10-win32-x86_64\bin\zip.dll
Event: 0.157 Loaded shared library C:\Users\mange\.antigravity\extensions\redhat.java-1.54.0-win32-x64\jre\21.0.10-win32-x86_64\bin\jimage.dll
Event: 0.218 Loaded shared library c:\Users\mange\.antigravity\extensions\redhat.java-1.54.0-win32-x64\jre\21.0.10-win32-x86_64\bin\verify.dll
Event: 9.575 Loaded shared library C:\Users\mange\AppData\Roaming\Antigravity\User\globalStorage\redhat.java\1.54.0\config_win\org.eclipse.equinox.launcher\org.eclipse.equinox.launcher.win32.win32.x86_64_1.3.0.v20260203-2149\eclipse_11919.dll
Event: 15.965 Loaded shared library C:\Users\mange\AppData\Local\Temp\jna-103662520\jna742733355174802501.dll
Event: 18.590 Loaded shared library C:\Users\mange\.gradle\native\1def1411415f61bf3af743bc5b6707747c0891f09f0c88961ee8f79bc544acac\windows-amd64\native-platform.dll
Event: 19.219 Loaded shared library C:\Users\mange\.antigravity\extensions\redhat.java-1.54.0-win32-x64\jre\21.0.10-win32-x86_64\bin\management.dll
Event: 19.222 Loaded shared library C:\Users\mange\.antigravity\extensions\redhat.java-1.54.0-win32-x64\jre\21.0.10-win32-x86_64\bin\management_ext.dll
Event: 20.445 Loaded shared library C:\Users\mange\.antigravity\extensions\redhat.java-1.54.0-win32-x64\jre\21.0.10-win32-x86_64\bin\extnet.dll
Event: 21.791 Loaded shared library C:\Users\mange\.antigravity\extensions\redhat.java-1.54.0-win32-x64\jre\21.0.10-win32-x86_64\bin\sunmscapi.dll

Deoptimization events (20 events):
Event: 334.330 Thread 0x00000208fedc10b0 Uncommon trap: trap_request=0xffffffc6 fr.pc=0x00000208ab855ddc relative=0x000000000000105c
Event: 334.330 Thread 0x00000208fedc10b0 Uncommon trap: reason=bimorphic_or_optimized_type_check action=maybe_recompile pc=0x00000208ab855ddc method=java.io.DataOutputStream.write([BII)V @ 7 c2
Event: 334.330 Thread 0x00000208fedc10b0 DEOPT PACKING pc=0x00000208ab855ddc sp=0x0000006e19dfeb90
Event: 334.330 Thread 0x00000208fedc10b0 DEOPT UNPACKING pc=0x00000208aad86da2 sp=0x0000006e19dfead0 mode 2
Event: 334.330 Thread 0x00000208fedc10b0 Uncommon trap: trap_request=0xffffffc6 fr.pc=0x00000208ab855ddc relative=0x000000000000105c
Event: 334.330 Thread 0x00000208fedc10b0 Uncommon trap: reason=bimorphic_or_optimized_type_check action=maybe_recompile pc=0x00000208ab855ddc method=java.io.DataOutputStream.write([BII)V @ 7 c2
Event: 334.330 Thread 0x00000208fedc10b0 DEOPT PACKING pc=0x00000208ab855ddc sp=0x0000006e19dfead0
Event: 334.330 Thread 0x00000208fedc10b0 DEOPT UNPACKING pc=0x00000208aad86da2 sp=0x0000006e19dfea10 mode 2
Event: 334.331 Thread 0x00000208fedc10b0 Uncommon trap: trap_request=0xffffffc6 fr.pc=0x00000208ab852ca4 relative=0x00000000000007a4
Event: 334.331 Thread 0x00000208fedc10b0 Uncommon trap: reason=bimorphic_or_optimized_type_check action=maybe_recompile pc=0x00000208ab852ca4 method=java.io.DataOutputStream.writeInt(I)V @ 19 c2
Event: 334.331 Thread 0x00000208fedc10b0 DEOPT PACKING pc=0x00000208ab852ca4 sp=0x0000006e19dfe8d0
Event: 334.331 Thread 0x00000208fedc10b0 DEOPT UNPACKING pc=0x00000208aad86da2 sp=0x0000006e19dfe8a8 mode 2
Event: 334.331 Thread 0x00000208fedc10b0 Uncommon trap: trap_request=0xffffffc6 fr.pc=0x00000208ab852ca4 relative=0x00000000000007a4
Event: 334.331 Thread 0x00000208fedc10b0 Uncommon trap: reason=bimorphic_or_optimized_type_check action=maybe_recompile pc=0x00000208ab852ca4 method=java.io.DataOutputStream.writeInt(I)V @ 19 c2
Event: 334.331 Thread 0x00000208fedc10b0 DEOPT PACKING pc=0x00000208ab852ca4 sp=0x0000006e19dfe860
Event: 334.331 Thread 0x00000208fedc10b0 DEOPT UNPACKING pc=0x00000208aad86da2 sp=0x0000006e19dfe838 mode 2
Event: 334.331 Thread 0x00000208fedc10b0 Uncommon trap: trap_request=0xffffffc6 fr.pc=0x00000208ab84e4d0 relative=0x00000000000012d0
Event: 334.331 Thread 0x00000208fedc10b0 Uncommon trap: reason=bimorphic_or_optimized_type_check action=maybe_recompile pc=0x00000208ab84e4d0 method=java.io.DataOutputStream.write([BII)V @ 7 c2
Event: 334.331 Thread 0x00000208fedc10b0 DEOPT PACKING pc=0x00000208ab84e4d0 sp=0x0000006e19dfeac0
Event: 334.331 Thread 0x00000208fedc10b0 DEOPT UNPACKING pc=0x00000208aad86da2 sp=0x0000006e19dfea10 mode 2

Classes loaded (20 events):
Event: 33.958 Loading class java/util/ImmutableCollections$SubList
Event: 33.958 Loading class java/util/ImmutableCollections$SubList done
Event: 34.293 Loading class java/util/WeakHashMap$KeyIterator
Event: 34.293 Loading class java/util/WeakHashMap$KeyIterator done
Event: 334.306 Loading class java/util/stream/Nodes$CollectorTask$OfRef
Event: 334.306 Loading class java/util/stream/Nodes$CollectorTask
Event: 334.307 Loading class java/util/stream/Nodes$CollectorTask done
Event: 334.307 Loading class java/util/stream/Nodes$CollectorTask$OfRef done
Event: 334.307 Loading class java/util/function/LongFunction
Event: 334.307 Loading class java/util/function/LongFunction done
Event: 334.307 Loading class java/util/stream/Nodes$ConcNode
Event: 334.308 Loading class java/util/stream/Nodes$AbstractConcNode
Event: 334.308 Loading class java/util/stream/Nodes$AbstractConcNode done
Event: 334.308 Loading class java/util/stream/Nodes$ConcNode done
Event: 334.321 Loading class java/io/ObjectOutputStream$BlockDataOutputStream
Event: 334.321 Loading class java/io/ObjectOutputStream$BlockDataOutputStream done
Event: 334.321 Loading class java/io/ObjectOutputStream$HandleTable
Event: 334.321 Loading class java/io/ObjectOutputStream$HandleTable done
Event: 334.321 Loading class java/io/ObjectOutputStream$ReplaceTable
Event: 334.321 Loading class java/io/ObjectOutputStream$ReplaceTable done

Classes unloaded (10 events):
Event: 16.321 Thread 0x00000208f81a1390 Unloading class 0x00000208b81ad400 'java/lang/invoke/LambdaForm$MH+0x00000208b81ad400'
Event: 16.321 Thread 0x00000208f81a1390 Unloading class 0x00000208b81ad000 'java/lang/invoke/LambdaForm$MH+0x00000208b81ad000'
Event: 16.321 Thread 0x00000208f81a1390 Unloading class 0x00000208b81acc00 'java/lang/invoke/LambdaForm$MH+0x00000208b81acc00'
Event: 16.321 Thread 0x00000208f81a1390 Unloading class 0x00000208b81ac800 'java/lang/invoke/LambdaForm$MH+0x00000208b81ac800'
Event: 16.321 Thread 0x00000208f81a1390 Unloading class 0x00000208b81ac400 'java/lang/invoke/LambdaForm$BMH+0x00000208b81ac400'
Event: 16.322 Thread 0x00000208f81a1390 Unloading class 0x00000208b81ac000 'java/lang/invoke/LambdaForm$DMH+0x00000208b81ac000'
Event: 16.322 Thread 0x00000208f81a1390 Unloading class 0x00000208b81aac00 'java/lang/invoke/LambdaForm$DMH+0x00000208b81aac00'
Event: 20.381 Thread 0x00000208f81a1390 Unloading class 0x00000208b8712400 'java/lang/invoke/LambdaForm$MH+0x00000208b8712400'
Event: 20.381 Thread 0x00000208f81a1390 Unloading class 0x00000208b8711800 'java/lang/invoke/LambdaForm$MH+0x00000208b8711800'
Event: 20.381 Thread 0x00000208f81a1390 Unloading class 0x00000208b8711000 'java/lang/invoke/LambdaForm$MH+0x00000208b8711000'

Classes redefined (0 events):
No events

Internal exceptions (20 events):
Event: 32.821 Thread 0x0000020882ad8cc0 Exception <a 'java/lang/NoSuchMethodError'{0x00000000d63cd8b0}: static Lorg/gradle/internal/classloader/VisitableURLClassLoader$Spec;.<clinit>()V> (0x00000000d63cd8b0) 
thrown [s\src\hotspot\share\prims\jni.cpp, line 1111]
Event: 32.871 Thread 0x0000020882ad8cc0 Exception <a 'java/lang/NoSuchMethodError'{0x00000000d5898710}: static Lorg/gradle/plugins/ide/internal/tooling/model/DefaultGradleProject;.<clinit>()V> (0x00000000d5898710) 
thrown [s\src\hotspot\share\prims\jni.cpp, line 1111]
Event: 32.873 Thread 0x0000020882ad8cc0 Exception <a 'java/lang/NoSuchMethodError'{0x00000000d58d3e38}: static Lorg/gradle/plugins/ide/internal/tooling/model/DefaultGradleScript;.<clinit>()V> (0x00000000d58d3e38) 
thrown [s\src\hotspot\share\prims\jni.cpp, line 1111]
Event: 32.875 Thread 0x0000020882ad8cc0 Exception <a 'java/lang/NoSuchMethodError'{0x00000000d58f0b98}: static [Ljava/lang/Object;.<clinit>()V> (0x00000000d58f0b98) 
thrown [s\src\hotspot\share\prims\jni.cpp, line 1111]
Event: 32.885 Thread 0x0000020882ad8cc0 Exception <a 'java/lang/NoSuchMethodError'{0x00000000d5a03908}: static Lorg/gradle/tooling/internal/gradle/DefaultProjectIdentifier;.<clinit>()V> (0x00000000d5a03908) 
thrown [s\src\hotspot\share\prims\jni.cpp, line 1111]
Event: 32.886 Thread 0x0000020882ad8cc0 Exception <a 'java/lang/NoSuchMethodError'{0x00000000d5a121a0}: static Lorg/gradle/tooling/internal/gradle/DefaultBuildIdentifier;.<clinit>()V> (0x00000000d5a121a0) 
thrown [s\src\hotspot\share\prims\jni.cpp, line 1111]
Event: 32.887 Thread 0x0000020882ad8cc0 Exception <a 'java/lang/NoSuchMethodError'{0x00000000d5a51d60}: static Lorg/gradle/plugins/ide/internal/tooling/model/LaunchableGradleTask;.<clinit>()V> (0x00000000d5a51d60) 
thrown [s\src\hotspot\share\prims\jni.cpp, line 1111]
Event: 32.888 Thread 0x0000020882ad8cc0 Exception <a 'java/lang/NoSuchMethodError'{0x00000000d5a57950}: static Lorg/gradle/plugins/ide/internal/tooling/model/LaunchableGradleProjectTask;.<clinit>()V> (0x00000000d5a57950) 
thrown [s\src\hotspot\share\prims\jni.cpp, line 1111]
Event: 34.288 Thread 0x00000208fedc2460 Exception <a 'sun/nio/fs/WindowsException'{0x00000000d5a5ccb8}> (0x00000000d5a5ccb8) 
thrown [s\src\hotspot\share\prims\jni.cpp, line 520]
Event: 34.288 Thread 0x00000208fedc2460 Exception <a 'sun/nio/fs/WindowsException'{0x00000000d5a5d598}> (0x00000000d5a5d598) 
thrown [s\src\hotspot\share\prims\jni.cpp, line 520]
Event: 34.351 Thread 0x00000208fedc10b0 Exception <a 'java/io/FileNotFoundException'{0x00000000d5f79968}> (0x00000000d5f79968) 
thrown [s\src\hotspot\share\prims\jni.cpp, line 520]
Event: 34.351 Thread 0x00000208fedc10b0 Exception <a 'java/io/FileNotFoundException'{0x00000000d5f7b120}> (0x00000000d5f7b120) 
thrown [s\src\hotspot\share\prims\jni.cpp, line 520]
Event: 34.351 Thread 0x00000208fedc10b0 Exception <a 'java/io/FileNotFoundException'{0x00000000d5f7c5f8}> (0x00000000d5f7c5f8) 
thrown [s\src\hotspot\share\prims\jni.cpp, line 520]
Event: 34.478 Thread 0x00000208fedc10b0 Exception <a 'java/lang/NoSuchMethodError'{0x00000000d5ae0928}: 'java.lang.Object java.lang.invoke.DirectMethodHandle$Holder.invokeVirtual(java.lang.Object, java.lang.Object, int)'> (0x00000000d5ae0928) 
thrown [s\src\hotspot\share\interpreter\linkResolver.cpp, line 773]
Event: 34.504 Thread 0x00000208fedc2460 Exception <a 'java/lang/NoSuchMethodError'{0x00000000d5c7bf70}: 'java.lang.Object java.lang.invoke.DirectMethodHandle$Holder.invokeStatic(java.lang.Object, java.lang.Object, int, java.lang.Object)'> (0x00000000d5c7bf70) 
thrown [s\src\hotspot\share\interpreter\linkResolver.cpp, line 773]
Event: 34.504 Thread 0x00000208fedc2460 Exception <a 'java/lang/NoSuchMethodError'{0x00000000d5c825a0}: 'java.lang.Object java.lang.invoke.DirectMethodHandle$Holder.newInvokeSpecial(java.lang.Object, java.lang.Object, int)'> (0x00000000d5c825a0) 
thrown [s\src\hotspot\share\interpreter\linkResolver.cpp, line 773]
Event: 334.317 Thread 0x00000208fedc10b0 Exception <a 'sun/nio/fs/WindowsException'{0x00000000d5e99e70}> (0x00000000d5e99e70) 
thrown [s\src\hotspot\share\prims\jni.cpp, line 520]
Event: 334.317 Thread 0x00000208fedc10b0 Exception <a 'sun/nio/fs/WindowsException'{0x00000000d5e9a750}> (0x00000000d5e9a750) 
thrown [s\src\hotspot\share\prims\jni.cpp, line 520]
Event: 334.317 Thread 0x00000208fedc10b0 Implicit null exception at 0x00000208ab8b0f03 to 0x00000208ab8b11a8
Event: 334.338 Thread 0x00000208fedc10b0 Exception <a 'java/lang/NoSuchMethodError'{0x00000000d5f613e8}: 'java.lang.Object java.lang.invoke.DirectMethodHandle$Holder.newInvokeSpecial(java.lang.Object, java.lang.Object, java.lang.Object, java.lang.Object, java.lang.Object, java.lang.Object, java.lang.Object, java.lang.Object)'> (0x00000000d5f613e8) 
thrown [s\src\hotspot\share\interpreter\linkResolver.cpp, line 773]

ZGC Phase Switch (0 events):
No events

VM Operations (20 events):
Event: 1322.820 Executing non-safepoint VM operation: HandshakeAllThreads (HandshakeForDeflation)
Event: 1322.820 Executing non-safepoint VM operation: HandshakeAllThreads (HandshakeForDeflation) done
Event: 1322.820 Executing non-safepoint VM operation: RendezvousGCThreads
Event: 1322.820 Executing non-safepoint VM operation: RendezvousGCThreads done
Event: 1382.991 Executing non-safepoint VM operation: HandshakeAllThreads (HandshakeForDeflation)
Event: 1382.991 Executing non-safepoint VM operation: HandshakeAllThreads (HandshakeForDeflation) done
Event: 1382.991 Executing non-safepoint VM operation: RendezvousGCThreads
Event: 1382.991 Executing non-safepoint VM operation: RendezvousGCThreads done
Event: 1443.230 Executing non-safepoint VM operation: HandshakeAllThreads (HandshakeForDeflation)
Event: 1443.230 Executing non-safepoint VM operation: HandshakeAllThreads (HandshakeForDeflation) done
Event: 1443.230 Executing non-safepoint VM operation: RendezvousGCThreads
Event: 1443.230 Executing non-safepoint VM operation: RendezvousGCThreads done
Event: 1503.319 Executing non-safepoint VM operation: HandshakeAllThreads (HandshakeForDeflation)
Event: 1503.319 Executing non-safepoint VM operation: HandshakeAllThreads (HandshakeForDeflation) done
Event: 1503.319 Executing non-safepoint VM operation: RendezvousGCThreads
Event: 1503.319 Executing non-safepoint VM operation: RendezvousGCThreads done
Event: 1563.446 Executing non-safepoint VM operation: HandshakeAllThreads (HandshakeForDeflation)
Event: 1563.446 Executing non-safepoint VM operation: HandshakeAllThreads (HandshakeForDeflation) done
Event: 1563.446 Executing non-safepoint VM operation: RendezvousGCThreads
Event: 1563.446 Executing non-safepoint VM operation: RendezvousGCThreads done

Memory protections (0 events):
No events

Nmethod flushes (20 events):
Event: 20.392 Thread 0x00000208f81a1390 flushing  nmethod 0x00000208a40acd10
Event: 20.392 Thread 0x00000208f81a1390 flushing  nmethod 0x00000208a40aef90
Event: 20.392 Thread 0x00000208f81a1390 flushing  nmethod 0x00000208a40b0510
Event: 20.392 Thread 0x00000208f81a1390 flushing  nmethod 0x00000208a40b1710
Event: 20.392 Thread 0x00000208f81a1390 flushing  nmethod 0x00000208a40b2490
Event: 20.392 Thread 0x00000208f81a1390 flushing  nmethod 0x00000208a40b3610
Event: 20.392 Thread 0x00000208f81a1390 flushing  nmethod 0x00000208a40c8010
Event: 20.392 Thread 0x00000208f81a1390 flushing  nmethod 0x00000208a40c9910
Event: 20.392 Thread 0x00000208f81a1390 flushing  nmethod 0x00000208a40d4e10
Event: 20.392 Thread 0x00000208f81a1390 flushing  nmethod 0x00000208a40d6690
Event: 20.392 Thread 0x00000208f81a1390 flushing  nmethod 0x00000208a40d6e10
Event: 20.392 Thread 0x00000208f81a1390 flushing  nmethod 0x00000208a40d7190
Event: 20.392 Thread 0x00000208f81a1390 flushing  nmethod 0x00000208a40d7510
Event: 20.392 Thread 0x00000208f81a1390 flushing  nmethod 0x00000208a40d7a90
Event: 20.392 Thread 0x00000208f81a1390 flushing  nmethod 0x00000208a40dcc10
Event: 20.392 Thread 0x00000208f81a1390 flushing  nmethod 0x00000208a40de290
Event: 20.392 Thread 0x00000208f81a1390 flushing  nmethod 0x00000208a40de910
Event: 20.392 Thread 0x00000208f81a1390 flushing  nmethod 0x00000208a40def10
Event: 20.392 Thread 0x00000208f81a1390 flushing  nmethod 0x00000208a40e0910
Event: 20.392 Thread 0x00000208f81a1390 flushing  nmethod 0x00000208a4121590

Events (20 events):
Event: 39.506 Thread 0x00000208fef695d0 Thread exited: 0x00000208fef695d0
Event: 39.506 Thread 0x00000208fef6b110 Thread exited: 0x00000208fef6b110
Event: 80.017 Thread 0x0000020881e8d670 Thread exited: 0x0000020881e8d670
Event: 94.321 Thread 0x00000208fedbfd00 Thread exited: 0x00000208fedbfd00
Event: 94.414 Thread 0x00000208fedc0390 Thread exited: 0x00000208fedc0390
Event: 94.414 Thread 0x0000020881e88e40 Thread exited: 0x0000020881e88e40
Event: 140.018 Thread 0x0000020881e894d0 Thread exited: 0x0000020881e894d0
Event: 200.018 Thread 0x0000020881e8f0b0 Thread exited: 0x0000020881e8f0b0
Event: 260.026 Thread 0x0000020881e8dd00 Thread exited: 0x0000020881e8dd00
Event: 316.051 Thread 0x00000208f81fd860 Thread added: 0x00000208fef695d0
Event: 320.026 Thread 0x0000020881e8a880 Thread exited: 0x0000020881e8a880
Event: 321.071 Thread 0x00000208fef695d0 Thread exited: 0x00000208fef695d0
Event: 334.305 Thread 0x00000208fedc10b0 Thread added: 0x0000020882ad7910
Event: 334.308 Thread 0x0000020882ad7910 Thread exited: 0x0000020882ad7910
Event: 334.319 Thread 0x00000208fedc10b0 Thread added: 0x0000020882ad4b20
Event: 334.320 Thread 0x0000020882ad4b20 Thread exited: 0x0000020882ad4b20
Event: 334.331 Thread 0x00000208f81fd860 Thread added: 0x00000208fef695d0
Event: 337.750 Thread 0x00000208fef695d0 Thread exited: 0x00000208fef695d0
Event: 380.027 Thread 0x0000020881e8af10 Thread exited: 0x0000020881e8af10
Event: 440.027 Thread 0x0000020881e89b60 Thread exited: 0x0000020881e89b60


Dynamic libraries:
0x00007ff7e0880000 - 0x00007ff7e088e000 	c:\Users\mange\.antigravity\extensions\redhat.java-1.54.0-win32-x64\jre\21.0.10-win32-x86_64\bin\java.exe
0x00007ffd4a510000 - 0x00007ffd4a708000 	C:\Windows\SYSTEM32\ntdll.dll
0x00007ffd4a260000 - 0x00007ffd4a322000 	C:\Windows\System32\KERNEL32.DLL
0x00007ffd48120000 - 0x00007ffd48416000 	C:\Windows\System32\KERNELBASE.dll
0x00007ffd48020000 - 0x00007ffd48120000 	C:\Windows\System32\ucrtbase.dll
0x00007ffd1e7d0000 - 0x00007ffd1e7e8000 	c:\Users\mange\.antigravity\extensions\redhat.java-1.54.0-win32-x64\jre\21.0.10-win32-x86_64\bin\jli.dll
0x00007ffd497f0000 - 0x00007ffd49991000 	C:\Windows\System32\USER32.dll
0x00007ffd47cc0000 - 0x00007ffd47ce2000 	C:\Windows\System32\win32u.dll
0x00007ffd49060000 - 0x00007ffd4908b000 	C:\Windows\System32\GDI32.dll
0x00007ffd47ba0000 - 0x00007ffd47cb9000 	C:\Windows\System32\gdi32full.dll
0x00007ffd47e20000 - 0x00007ffd47ebd000 	C:\Windows\System32\msvcp_win.dll
0x00007ffcf3880000 - 0x00007ffcf389e000 	c:\Users\mange\.antigravity\extensions\redhat.java-1.54.0-win32-x64\jre\21.0.10-win32-x86_64\bin\VCRUNTIME140.dll
0x00007ffd35d80000 - 0x00007ffd3601b000 	C:\Windows\WinSxS\amd64_microsoft.windows.common-controls_6595b64144ccf1df_6.0.19041.6456_none_60b8a6cb71f64256\COMCTL32.dll
0x00007ffd499a0000 - 0x00007ffd49a3e000 	C:\Windows\System32\msvcrt.dll
0x00007ffd48bb0000 - 0x00007ffd48bdf000 	C:\Windows\System32\IMM32.DLL
0x00007ffd41d90000 - 0x00007ffd41d9c000 	c:\Users\mange\.antigravity\extensions\redhat.java-1.54.0-win32-x64\jre\21.0.10-win32-x86_64\bin\vcruntime140_1.dll
0x00007ffce1960000 - 0x00007ffce19ed000 	c:\Users\mange\.antigravity\extensions\redhat.java-1.54.0-win32-x64\jre\21.0.10-win32-x86_64\bin\msvcp140.dll
0x00007ffcd6780000 - 0x00007ffcd7521000 	c:\Users\mange\.antigravity\extensions\redhat.java-1.54.0-win32-x64\jre\21.0.10-win32-x86_64\bin\server\jvm.dll
0x00007ffd48be0000 - 0x00007ffd48c91000 	C:\Windows\System32\ADVAPI32.dll
0x00007ffd4a1c0000 - 0x00007ffd4a25f000 	C:\Windows\System32\sechost.dll
0x00007ffd496c0000 - 0x00007ffd497e0000 	C:\Windows\System32\RPCRT4.dll
0x00007ffd48420000 - 0x00007ffd48447000 	C:\Windows\System32\bcrypt.dll
0x00007ffd48e30000 - 0x00007ffd48e9b000 	C:\Windows\System32\WS2_32.dll
0x00007ffd475b0000 - 0x00007ffd475fb000 	C:\Windows\SYSTEM32\POWRPROF.dll
0x00007ffd3ad80000 - 0x00007ffd3ada7000 	C:\Windows\SYSTEM32\WINMM.dll
0x00007ffd3fa80000 - 0x00007ffd3fa8a000 	C:\Windows\SYSTEM32\VERSION.dll
0x00007ffd47590000 - 0x00007ffd475a2000 	C:\Windows\SYSTEM32\UMPDC.dll
0x00007ffd459b0000 - 0x00007ffd459c2000 	C:\Windows\SYSTEM32\kernel.appcore.dll
0x00007ffd40cb0000 - 0x00007ffd40cba000 	c:\Users\mange\.antigravity\extensions\redhat.java-1.54.0-win32-x64\jre\21.0.10-win32-x86_64\bin\jimage.dll
0x00007ffd45390000 - 0x00007ffd45591000 	C:\Windows\SYSTEM32\DBGHELP.DLL
0x00007ffd2c0c0000 - 0x00007ffd2c0f4000 	C:\Windows\SYSTEM32\dbgcore.DLL
0x00007ffd48450000 - 0x00007ffd484d2000 	C:\Windows\System32\bcryptPrimitives.dll
0x00007ffd2b250000 - 0x00007ffd2b25f000 	c:\Users\mange\.antigravity\extensions\redhat.java-1.54.0-win32-x64\jre\21.0.10-win32-x86_64\bin\instrument.dll
0x00007ffce8d10000 - 0x00007ffce8d30000 	c:\Users\mange\.antigravity\extensions\redhat.java-1.54.0-win32-x64\jre\21.0.10-win32-x86_64\bin\java.dll
0x00007ffd49a50000 - 0x00007ffd4a1c0000 	C:\Windows\System32\SHELL32.dll
0x00007ffd45bd0000 - 0x00007ffd46375000 	C:\Windows\SYSTEM32\windows.storage.dll
0x00007ffd48590000 - 0x00007ffd488e4000 	C:\Windows\System32\combase.dll
0x00007ffd47410000 - 0x00007ffd4743b000 	C:\Windows\SYSTEM32\Wldp.dll
0x00007ffd49090000 - 0x00007ffd4915d000 	C:\Windows\System32\OLEAUT32.dll
0x00007ffd48f00000 - 0x00007ffd48fad000 	C:\Windows\System32\SHCORE.dll
0x00007ffd4a330000 - 0x00007ffd4a38b000 	C:\Windows\System32\shlwapi.dll
0x00007ffd47ad0000 - 0x00007ffd47af4000 	C:\Windows\SYSTEM32\profapi.dll
0x00007ffce8cf0000 - 0x00007ffce8d08000 	c:\Users\mange\.antigravity\extensions\redhat.java-1.54.0-win32-x64\jre\21.0.10-win32-x86_64\bin\zip.dll
0x00007ffd38ac0000 - 0x00007ffd38ad0000 	C:\Users\mange\.antigravity\extensions\redhat.java-1.54.0-win32-x64\jre\21.0.10-win32-x86_64\bin\net.dll
0x00007ffd43c70000 - 0x00007ffd43d7a000 	C:\Windows\SYSTEM32\WINHTTP.dll
0x00007ffd471f0000 - 0x00007ffd4725a000 	C:\Windows\system32\mswsock.dll
0x00007ffce8480000 - 0x00007ffce8496000 	C:\Users\mange\.antigravity\extensions\redhat.java-1.54.0-win32-x64\jre\21.0.10-win32-x86_64\bin\nio.dll
0x00007ffd38480000 - 0x00007ffd38490000 	c:\Users\mange\.antigravity\extensions\redhat.java-1.54.0-win32-x64\jre\21.0.10-win32-x86_64\bin\verify.dll
0x00007ffd20af0000 - 0x00007ffd20b35000 	C:\Users\mange\AppData\Roaming\Antigravity\User\globalStorage\redhat.java\1.54.0\config_win\org.eclipse.equinox.launcher\org.eclipse.equinox.launcher.win32.win32.x86_64_1.3.0.v20260203-2149\eclipse_11919.dll
0x00007ffd48ca0000 - 0x00007ffd48dcb000 	C:\Windows\System32\ole32.dll
0x00007ffd47450000 - 0x00007ffd47468000 	C:\Windows\SYSTEM32\CRYPTSP.dll
0x00007ffd46b30000 - 0x00007ffd46b68000 	C:\Windows\system32\rsaenh.dll
0x00007ffd47a90000 - 0x00007ffd47abe000 	C:\Windows\SYSTEM32\USERENV.dll
0x00007ffd47380000 - 0x00007ffd4738c000 	C:\Windows\SYSTEM32\CRYPTBASE.dll
0x00007ffd46ef0000 - 0x00007ffd46f2b000 	C:\Windows\SYSTEM32\IPHLPAPI.DLL
0x00007ffd496b0000 - 0x00007ffd496b8000 	C:\Windows\System32\NSI.dll
0x00007ffd18380000 - 0x00007ffd183c9000 	C:\Users\mange\AppData\Local\Temp\jna-103662520\jna742733355174802501.dll
0x00007ffd497e0000 - 0x00007ffd497e8000 	C:\Windows\System32\PSAPI.DLL
0x00007ffd40e10000 - 0x00007ffd40e27000 	C:\Windows\SYSTEM32\dhcpcsvc6.DLL
0x00007ffd40df0000 - 0x00007ffd40e0d000 	C:\Windows\SYSTEM32\dhcpcsvc.DLL
0x00007ffd40bb0000 - 0x00007ffd40bd7000 	C:\Users\mange\.gradle\native\1def1411415f61bf3af743bc5b6707747c0891f09f0c88961ee8f79bc544acac\windows-amd64\native-platform.dll
0x00007ffd420b0000 - 0x00007ffd420ba000 	C:\Users\mange\.antigravity\extensions\redhat.java-1.54.0-win32-x64\jre\21.0.10-win32-x86_64\bin\management.dll
0x00007ffd41e70000 - 0x00007ffd41e7c000 	C:\Users\mange\.antigravity\extensions\redhat.java-1.54.0-win32-x64\jre\21.0.10-win32-x86_64\bin\management_ext.dll
0x00007ffd17cd0000 - 0x00007ffd17cd9000 	C:\Users\mange\.antigravity\extensions\redhat.java-1.54.0-win32-x64\jre\21.0.10-win32-x86_64\bin\extnet.dll
0x00007ffd1ae00000 - 0x00007ffd1ae0e000 	C:\Users\mange\.antigravity\extensions\redhat.java-1.54.0-win32-x64\jre\21.0.10-win32-x86_64\bin\sunmscapi.dll
0x00007ffd47ec0000 - 0x00007ffd4801d000 	C:\Windows\System32\CRYPT32.dll
0x00007ffd47640000 - 0x00007ffd47667000 	C:\Windows\SYSTEM32\ncrypt.dll
0x00007ffd47600000 - 0x00007ffd4763b000 	C:\Windows\SYSTEM32\NTASN1.dll
0x00007ffd44c90000 - 0x00007ffd44c97000 	C:\Windows\system32\wshunix.dll

JVMTI agents:
c:\Users\mange\.antigravity\extensions\redhat.java-1.54.0-win32-x64\lombok\lombok-1.18.39-4050.jar path:c:\Users\mange\.antigravity\extensions\redhat.java-1.54.0-win32-x64\jre\21.0.10-win32-x86_64\bin\instrument.dll, loaded, initialized, instrumentlib options:none

dbghelp: loaded successfully - version: 4.0.5 - missing functions: none
symbol engine: initialized successfully - sym options: 0x614 - pdb path: .;c:\Users\mange\.antigravity\extensions\redhat.java-1.54.0-win32-x64\jre\21.0.10-win32-x86_64\bin;C:\Windows\SYSTEM32;C:\Windows\WinSxS\amd64_microsoft.windows.common-controls_6595b64144ccf1df_6.0.19041.6456_none_60b8a6cb71f64256;c:\Users\mange\.antigravity\extensions\redhat.java-1.54.0-win32-x64\jre\21.0.10-win32-x86_64\bin\server;C:\Users\mange\AppData\Roaming\Antigravity\User\globalStorage\redhat.java\1.54.0\config_win\org.eclipse.equinox.launcher\org.eclipse.equinox.launcher.win32.win32.x86_64_1.3.0.v20260203-2149;C:\Users\mange\AppData\Local\Temp\jna-103662520;C:\Users\mange\.gradle\native\1def1411415f61bf3af743bc5b6707747c0891f09f0c88961ee8f79bc544acac\windows-amd64

VM Arguments:
jvm_args: --add-modules=ALL-SYSTEM --add-opens=java.base/java.util=ALL-UNNAMED --add-opens=java.base/java.lang=ALL-UNNAMED --add-opens=java.base/sun.nio.fs=ALL-UNNAMED -Declipse.application=org.eclipse.jdt.ls.core.id1 -Dosgi.bundles.defaultStartLevel=4 -Declipse.product=org.eclipse.jdt.ls.core.product -Djava.import.generatesMetadataFilesAtProjectRoot=false -DDetectVMInstallationsJob.disabled=true -Dfile.encoding=utf8 -XX:+UseParallelGC -XX:GCTimeRatio=4 -XX:AdaptiveSizePolicyWeight=90 -Dsun.zip.disableMemoryMapping=true -Xmx2G -Xms100m -Xlog:disable -javaagent:c:\Users\mange\.antigravity\extensions\redhat.java-1.54.0-win32-x64\lombok\lombok-1.18.39-4050.jar -XX:+HeapDumpOnOutOfMemoryError -XX:HeapDumpPath=c:\Users\mange\AppData\Roaming\Antigravity\User\workspaceStorage\3ab230d77b211e43466a9bd2077229ae\redhat.java -Daether.dependencyCollector.impl=bf 
java_command: c:\Users\mange\.antigravity\extensions\redhat.java-1.54.0-win32-x64\server\plugins\org.eclipse.equinox.launcher_1.7.100.v20251111-0406.jar -configuration c:\Users\mange\AppData\Roaming\Antigravity\User\globalStorage\redhat.java\1.54.0\config_win -data c:\Users\mange\AppData\Roaming\Antigravity\User\workspaceStorage\3ab230d77b211e43466a9bd2077229ae\redhat.java\jdt_ws --pipe=\\.\pipe\lsp-fa778cfc52e36cd447a6bbda541d1aa8-sock
java_class_path (initial): c:\Users\mange\.antigravity\extensions\redhat.java-1.54.0-win32-x64\server\plugins\org.eclipse.equinox.launcher_1.7.100.v20251111-0406.jar
Launcher Type: SUN_STANDARD

[Global flags]
    uintx AdaptiveSizePolicyWeight                 = 90                                        {product} {command line}
     intx CICompilerCount                          = 4                                         {product} {ergonomic}
    uintx GCTimeRatio                              = 4                                         {product} {command line}
     bool HeapDumpOnOutOfMemoryError               = true                                   {manageable} {command line}
    ccstr HeapDumpPath                             = c:\Users\mange\AppData\Roaming\Antigravity\User\workspaceStorage\3ab230d77b211e43466a9bd2077229ae\redhat.java         {manageable} {command line}
   size_t InitialHeapSize                          = 104857600                                 {product} {command line}
   size_t MaxHeapSize                              = 2147483648                                {product} {command line}
   size_t MaxNewSize                               = 715653120                                 {product} {ergonomic}
   size_t MinHeapDeltaBytes                        = 524288                                    {product} {ergonomic}
   size_t MinHeapSize                              = 104857600                                 {product} {command line}
   size_t NewSize                                  = 34603008                                  {product} {ergonomic}
    uintx NonNMethodCodeHeapSize                   = 5839372                                {pd product} {ergonomic}
    uintx NonProfiledCodeHeapSize                  = 122909434                              {pd product} {ergonomic}
   size_t OldSize                                  = 70254592                                  {product} {ergonomic}
    uintx ProfiledCodeHeapSize                     = 122909434                              {pd product} {ergonomic}
    uintx ReservedCodeCacheSize                    = 251658240                              {pd product} {ergonomic}
     bool SegmentedCodeCache                       = true                                      {product} {ergonomic}
   size_t SoftMaxHeapSize                          = 2147483648                             {manageable} {ergonomic}
     bool UseCompressedOops                        = true                           {product lp64_product} {ergonomic}
     bool UseLargePagesIndividualAllocation        = false                                  {pd product} {ergonomic}
     bool UseParallelGC                            = true                                      {product} {command line}

Logging:
Log output configuration:
 #0: stdout all=off uptime,level,tags foldmultilines=false
 #1: stderr all=off uptime,level,tags foldmultilines=false

Release file:
JAVA_VERSION="21.0.10" 
MODULES="java.base java.compiler java.datatransfer java.xml java.prefs java.desktop java.instrument java.logging java.management java.security.sasl java.naming java.rmi java.management.rmi java.net.http java.scripting java.security.jgss java.transaction.xa java.sql java.sql.rowset java.xml.crypto java.se java.smartcardio jdk.accessibility jdk.internal.jvmstat jdk.attach jdk.charsets jdk.internal.opt jdk.zipfs jdk.compiler jdk.crypto.ec jdk.crypto.cryptoki jdk.crypto.mscapi jdk.dynalink jdk.internal.ed jdk.editpad jdk.hotspot.agent jdk.httpserver jdk.internal.le jdk.internal.vm.ci jdk.internal.vm.compiler jdk.internal.vm.compiler.management jdk.jartool jdk.javadoc jdk.jcmd jdk.management jdk.management.agent jdk.jconsole jdk.jdeps jdk.jdwp.agent jdk.jdi jdk.jfr jdk.jshell jdk.jsobject jdk.jstatd jdk.localedata jdk.management.jfr jdk.naming.dns jdk.naming.rmi jdk.net jdk.nio.mapmode jdk.random jdk.sctp jdk.security.auth jdk.security.jgss jdk.unsupported jdk.unsupported.desktop jdk.xml.dom" 

Environment Variables:
JAVA_HOME=C:\Program Files\Java\jdk-21
PATH=C:\Program Files\Microsoft SDKs\Azure\CLI2\wbin;C:\Program Files\Common Files\Oracle\Java\javapath;C:\Program Files\Java\jdk1.8.0_291\bin;C:\Program Files\Java\jdk-21\bin;C:\Python311\Scripts\;C:\Python311\;C:\Program Files (x86)\Common Files\Oracle\Java\javapath;C:\Windows\system32;C:\Windows;C:\Windows\System32\Wbem;C:\Windows\System32\WindowsPowerShell\v1.0\;C:\Windows\System32\OpenSSH\;C:\Program Files\Git\cmd;C:\Program Files\Meld\;C:\ProgramData\chocolatey\bin;C:\Program Files\JMeter\bin;C:\Program Files\Java\jdk-21\bin;C:\Program Files (x86)\Google\Cloud SDK\google-cloud-sdk\bin;C:\Users\mange\Downloads\apache-maven-3.9.6-bin\apache-maven-3.9.6\bin;C:\ProgramData\ComposerSetup\bin;C:\Program Files\Memurai\;C:\Users\mange\AppData\Local\nvm;C:\nvm4w\nodejs;C:\Program Files\Docker\Docker\resources\bin;C:\Program Files\LLVM\bin;C:\Program Files (x86)\LLVM\bin;C:\Users\mange\.cargo\bin;C:\Program Files\MySQL\MySQL Shell 8.0\bin\;C:\Windows\system32\config\systemprofile\AppData\Local\Microsoft\WindowsApps;C:\Users\mange\AppData\Local\Programs\Microsoft VS Code\bin;C:\Users\mange\AppData\Roaming\npm;C:\Program Files\JetBrains\IntelliJ IDEA 2023.3.3\bin;;C:\Program Files\JetBrains\IntelliJ IDEA Community Edition 2023.3.3\bin;;C:\Program Files\Lens\resources\cli\bin;C:\Program Files\php-8.3.28;C:\Users\mange\AppData\Roaming\Composer\vendor\bin;C:\Users\mange\Downloads\flutter\bin;C:\Users\mange\AppData\Local\nvm;C:\nvm4w\nodejs;C:\Users\mange\AppData\Local\Programs\Antigravity\bin;c:\Users\mange\Crypto\AI\New folder\New folder\nova-compiler
USERNAME=mange
OS=Windows_NT
PROCESSOR_IDENTIFIER=Intel64 Family 6 Model 140 Stepping 1, GenuineIntel
TMP=C:\Users\mange\AppData\Local\Temp
TEMP=C:\Users\mange\AppData\Local\Temp




Periodic native trim disabled

---------------  S Y S T E M  ---------------

OS:
 Windows 10 , 64 bit Build 19041 (10.0.19041.5915)
OS uptime: 2 days 10:31 hours
Hyper-V role detected

CPU: total 8 (initial active 8) (4 cores per cpu, 2 threads per core) family 6 model 140 stepping 1 microcode 0xbc, cx8, cmov, fxsr, ht, mmx, 3dnowpref, sse, sse2, sse3, ssse3, sse4.1, sse4.2, popcnt, lzcnt, tsc, tscinvbit, avx, avx2, aes, erms, clmul, bmi1, bmi2, adx, avx512f, avx512dq, avx512cd, avx512bw, avx512vl, sha, fma, vzeroupper, avx512_vpopcntdq, avx512_vpclmulqdq, avx512_vaes, avx512_vnni, clflush, clflushopt, clwb, avx512_vbmi2, avx512_vbmi, hv, rdtscp, rdpid, fsrm, gfni, avx512_bitalg, f16c, cet_ibt, cet_ss, avx512_ifma
Processor Information for the first 8 processors :
  Max Mhz: 2803, Current Mhz: 1201, Mhz Limit: 1177

Memory: 4k page, system-wide physical 16103M (449M free)
TotalPageFile size 62108M (AvailPageFile size 22M)
current process WorkingSet (physical memory assigned to process): 10M, peak: 300M
current process commit charge ("private bytes"): 367M, peak: 390M

vm_info: OpenJDK 64-Bit Server VM (21.0.10+7-LTS) for windows-amd64 JRE (21.0.10+7-LTS), built on 2026-01-20T00:00:00Z by "admin" with MS VC++ 17.12 (VS2022)

END.
