  warning: type error in ir_emit_inst (line 0): arity mismatch in fn
  warning: type error in ir_emit_side (line 0): arity mismatch in fn
  warning: type error in ir_lower_expr (line 0): arity mismatch in fn
  warning: type error in ir_lower_expr (line 0): arity mismatch in fn
  warning: type error in ir_lower_expr (line 0): arity mismatch in fn
  warning: type error in ir_lower_expr (line 0): arity mismatch in fn
  warning: type error in ir_lower_expr (line 0): arity mismatch in fn
  warning: type error in ir_lower_expr (line 0): arity mismatch in fn
  warning: type error in ir_lower_expr (line 0): arity mismatch in fn
  warning: type error in ir_lower_expr (line 0): arity mismatch in fn
  warning: type error in ir_lower_expr (line 0): arity mismatch in fn
  warning: type error in ir_lower_expr (line 0): arity mismatch in fn
  warning: type error in ir_lower_expr (line 0): arity mismatch in fn
  warning: type error in ir_lower_expr (line 0): arity mismatch in fn
  warning: type error in ir_lower_stmt (line 0): arity mismatch in fn
  warning: type error in ir_lower_stmt (line 0): arity mismatch in fn
  warning: type error in ir_lower_stmt (line 0): arity mismatch in fn
  warning: type error in ir_lower_stmt (line 0): arity mismatch in fn
  warning: type error in ir_lower_stmt (line 0): arity mismatch in fn
  warning: type error in ir_lower_stmt (line 0): arity mismatch in fn
  warning: type error in ir_lower_stmt (line 0): arity mismatch in fn
  warning: type error in ir_lower_stmt (line 0): arity mismatch in fn
  warning: type error in ir_lower_stmt (line 0): arity mismatch in fn
  warning: type error in ir_lower_stmt (line 0): arity mismatch in fn
  warning: type error in ir_lower_stmt (line 0): arity mismatch in fn
  warning: type error in ir_lower_stmt (line 0): arity mismatch in fn
  warning: type error in ir_lower_stmt (line 0): arity mismatch in fn
  warning: type error in ir_lower_stmt (line 0): arity mismatch in fn
  warning: type error in ir_lower_stmt (line 0): arity mismatch in fn
  warning: type error in ir_lower_last_stmt (line 0): arity mismatch in fn
  warning: type error in ir_lower_last_stmt (line 0): arity mismatch in fn
  warning: type error in ir_lower_last_stmt (line 0): arity mismatch in fn
  warning: type error in ir_lower_last_stmt (line 0): arity mismatch in fn
  warning: type error in ir_lower_last_stmt (line 0): arity mismatch in fn
  warning: type error in ir_lower_last_stmt (line 0): arity mismatch in fn
  warning: type error in ir_lower_last_stmt (line 0): arity mismatch in fn
  warning: type error in ir_lower_last_stmt (line 0): arity mismatch in fn
  warning: type error in ir_flush_pending_block (line 0): arity mismatch in fn
  warning: type error in ir_lower_function (line 0): arity mismatch in fn
  warning: type error in ir_lower_function (line 0): arity mismatch in fn
  warning: type error in ir_infer_one (line 0): arity mismatch in fn
  warning: type error in ir_infer_one (line 0): arity mismatch in fn
  warning: type error in ir_infer_one (line 0): arity mismatch in fn
  warning: type error in ir_infer_one (line 0): arity mismatch in fn
  warning: type error in ir_infer_one (line 0): arity mismatch in fn
  warning: type error in ir_infer_one (line 0): arity mismatch in fn
  warning: type error in ir_infer_one (line 0): arity mismatch in fn
  warning: type error in ir_infer_one (line 0): arity mismatch in fn
  warning: type error in ir_infer_one (line 0): arity mismatch in fn
  warning: type error in ir_infer_one (line 0): arity mismatch in fn
  warning: type error in ir_infer_one (line 0): arity mismatch in fn
  warning: type error in compile_ir_core (line 0): arity mismatch in fn
Compiled (IR): test_programs/nova_compiler.nova -> test_programs/nova_compiler.ll
