=================================================================
==26156==ERROR: AddressSanitizer: global-buffer-overflow on address 0x7ff642916b9c at pc 0x7ff6428647b6 bp 0x0084e93eef90 sp 0x0084e93eefd8
READ of size 4 at 0x7ff642916b9c thread T0
    #0 0x7ff6428647b5 in nova_mem_find_tag C:\Users\mange\Crypto\AI\New folder\New folder\nova-compiler\test_programs\output\nova_runtime.c:299
    #1 0x7ff642866248 in nova_rt_len C:\Users\mange\Crypto\AI\New folder\New folder\nova-compiler\test_programs\output\nova_runtime.c:739
    #2 0x7ff642860f72 in compiler_main (C:\Users\mange\Crypto\AI\New folder\New folder\nova-compiler\asan_output.exe+0x1400c0f72)

0x7ff642916b9c is located 36 bytes before global variable '.str.764' defined in 'output.ll' (0x7ff642916bc0) of size 14
  '.str.764' is ascii string 'nova_packages'
0x7ff642916b9c is located 4 bytes before global variable '.str.763' defined in 'output.ll' (0x7ff642916ba0) of size 6
  '.str.763' is ascii string '.nova'
0x7ff642916b9c is located 42 bytes after global variable '.str.762' defined in 'output.ll' (0x7ff642916b60) of size 18
  '.str.762' is ascii string '  ret i64 %result'
SUMMARY: AddressSanitizer: global-buffer-overflow C:\Users\mange\Crypto\AI\New folder\New folder\nova-compiler\test_programs\output\nova_runtime.c:299 in nova_mem_find_tag
Shadow bytes around the buggy address:
  0x7ff642916900: 00 00 00 00 00 00 00 01 f9 f9 f9 f9 00 00 00 f9
  0x7ff642916980: f9 f9 f9 f9 00 00 00 07 f9 f9 f9 f9 00 04 f9 f9
  0x7ff642916a00: 00 01 f9 f9 00 00 00 00 00 01 f9 f9 f9 f9 f9 f9
  0x7ff642916a80: 05 f9 f9 f9 05 f9 f9 f9 00 00 00 00 00 01 f9 f9
  0x7ff642916b00: f9 f9 f9 f9 00 01 f9 f9 00 03 f9 f9 00 00 02 f9
=>0x7ff642916b80: f9 f9 f9[f9]06 f9 f9 f9 00 06 f9 f9 00 00 00 04
  0x7ff642916c00: f9 f9 f9 f9 02 f9 f9 f9 00 00 06 f9 f9 f9 f9 f9
  0x7ff642916c80: 00 00 00 00 04 f9 f9 f9 f9 f9 f9 f9 00 07 f9 f9
  0x7ff642916d00: 00 07 f9 f9 02 f9 f9 f9 03 f9 f9 f9 04 f9 f9 f9
  0x7ff642916d80: 04 f9 f9 f9 03 f9 f9 f9 05 f9 f9 f9 06 f9 f9 f9
  0x7ff642916e00: 00 f9 f9 f9 06 f9 f9 f9 00 00 00 00 00 00 00 00
Shadow byte legend (one shadow byte represents 8 application bytes):
  Addressable:           00
  Partially addressable: 01 02 03 04 05 06 07 
  Heap left redzone:       fa
  Freed heap region:       fd
  Stack left redzone:      f1
  Stack mid redzone:       f2
  Stack right redzone:     f3
  Stack after return:      f5
  Stack use after scope:   f8
  Global redzone:          f9
  Global init order:       f6
  Poisoned by user:        f7
  Container overflow:      fc
  Array cookie:            ac
  Intra object redzone:    bb
  ASan internal:           fe
  Left alloca redzone:     ca
  Right alloca redzone:    cb
==26156==ABORTING
